07-19 20:46:35.588 17482 17487 I pixel-thermal: VIRTUAL-SKIN-CPU-HIGH:32.1797 raw data: VIRTUAL-SKIN:32179.7 VIRTUAL-SKIN-CPU-HIGH:32179.7 
07-19 20:46:35.588 17482 17487 I pixel-thermal: cellular-emergency:32.1797 raw data: VIRTUAL-SKIN:32179.7 cellular-emergency:32179.7 
07-19 20:46:35.589 17482 17487 I pixel-thermal: VIRTUAL-SKIN-MODEL: model_input: [30592.00 31371.00 30414.00 30993.00 31639.00 32062.00 31483.00 30348.00 ]
07-19 20:46:35.589 17482 17487 I native  : I0000 00:00:1784508395.589171   17487 thermal_tflite_wrapper.cc:270] ThermalTfliteInvoke
07-19 20:46:35.589 17482 17487 I pixel-thermal: VIRTUAL-SKIN-MODEL: model_output: [32067.7 ]
07-19 20:46:35.589 17482 17487 I pixel-thermal: VIRTUAL-SKIN-MODEL: predicted_value: [32067.7 ]
07-19 20:46:35.590 17482 17487 I pixel-thermal: STATS-UPDATOR:0 raw data: EXTREME-SOC-CONDITION-CHECK:0 MAIN_SOC_POWER:278.754 STATS-UPDATOR:0 TPU_35S:0 VIRTUAL-SKIN:32179.7 VIRTUAL-SKIN-LEGACY:32994.7 VIRTUAL-SKIN-MODEL:32067.7 VIRTUAL-SKIN-MODEL-LEGACY-DIFF:-754.133 VIRTUAL-SKIN-SPEAKER-MODEL:28912.9 charging_therm:31371 disp_therm:30414 flash_therm:30993 north_therm:31639 quiet_therm:30592 rfpa_therm:32062 soc_therm:31483 usb_pwr_therm:30348 
07-19 20:46:35.590 17482 17487 I pixel-thermal: VIRTUAL-SKIN-SPEAKER:28.9632 raw data: VIRTUAL-SKIN-SPEAKER:28963.2 
07-19 20:46:35.590 17482 17487 I pixel-thermal: VIRTUAL-SKIN:32.1797 raw data: VIRTUAL-SKIN:32179.7 
07-19 20:46:36.178 17482 17487 I pixel-thermal: disp_therm:30.414 raw data: disp_therm:30414 
07-19 20:46:36.178 17482 17487 I pixel-thermal: usb_pwr_therm:30.348 raw data: usb_pwr_therm:30348 
07-19 20:46:36.178 17482 17487 I pixel-thermal: quiet_therm:30.592 raw data: quiet_therm:30592 
07-19 20:46:36.179 17482 17487 I pixel-thermal: VIRTUAL-USB-THROTTLING:0 raw data: USB-MINUS-CHARGER:-1023 VIRTUAL-USB-THROTTLING:0 charging_therm:31371 usb_pwr_therm:30348 
07-19 20:46:36.179 17482 17487 I pixel-thermal: VIRTUAL-USB-UI:0 raw data: USB-MINUS-CHARGER:-1023 VIRTUAL-USB-UI:0 usb_pwr_therm:30348 
07-19 20:46:36.285  1573  1573 D AOC     : CHRE: DRAM vote count begins
07-19 20:46:36.285  1573  1573 D AOC     : CHRE: DRAM vote count ends: 0 ms
07-19 20:46:36.286  1573  1573 D AOC     : CHRE: DRAM vote count begins
07-19 20:46:36.286  1573  1573 D AOC     : CHRE: DRAM vote count ends: 0 ms
07-19 20:46:36.286  1231  1251 I CHRE    : @ 477671.377: [CapoPD] Enumerated Device Orientation found: 3, g=[1.49 1.21 9.59]
07-19 20:46:36.287  1231  1251 I CHRE    : @ 477671.377: [CapoPD] Update onTable position event: 2, z_axis=9.591604 (#sample 25)
07-19 20:46:36.287  1231  1251 I CHRE    : @ 477671.377: [CapoPD] Update stationary context: type=2, stationary=2, #orientation=1, orientation(top2)=[3, 0, ...]
07-19 20:46:36.287  1231  1251 I CHRE    : @ 477671.377: [Capo] Stopping accel on stable stationary
07-19 20:46:36.854  1573  1573 D AOC     : A3:MSG: usf_sensor.cc, 1881: USF: Received stop sampling request for ICM45631 Accelerometer (active:5).
07-19 20:46:36.908  1294  1294 I WifiHAL : Creating message to get link statistics; iface = 47
07-19 20:46:36.960  1294  1294 I WifiHAL : Getting cached scan results, iface handle = 0xb400007476f0c750
07-19 20:46:36.960  1294  1294 E WifiHAL : Creating message to get cached scan results
07-19 20:46:36.964  1294  1294 I WifiHAL : In GetCachedScanResultsCommand::handleResponse
07-19 20:46:38.090  1573  1573 D AOC     : A3:MSG: usf_sensor.cc, 1866: USF: Received start sampling request for TMD3743 Proximity (active:2).
07-19 20:46:38.091  1573  1573 D AOC     : A3:MSG: tmd3743_sensor.cc, 296: USF: TMD3743: Report new active state:0 min_fps:0
07-19 20:46:38.092  1573  1573 D AOC     : A3:MSG: tmd3743_device.cc, 476: USF: TMD3743: [0]Stop sampling (Client count L/C/S/P = 1/1/0/0, err = 0)
07-19 20:46:38.092  1573  1573 D AOC     : CHRE: DRAM vote count begins
07-19 20:46:38.093  1573  1573 D AOC     : CHRE: DRAM vote count ends: 0 ms
07-19 20:46:38.094  1231  1251 I CHRE    : @ 477673.182: [vice_ambient_light] OnAmbientLightTimerExpired: Sample timer expired
07-19 20:46:38.094  1247  1340 I usf_sensor_hal: Received REPORT_SENSOR_ACTIVE_STATE_CHANGES event from 'TMD3743 Proximity' with state:kInactive and desired fps:0!
07-19 20:46:38.094   520 18211 D hwc-display: setMinIdleRefreshRate requester 0, fps 0
07-19 20:46:38.095   520 18211 I hwc-display: ExynosPrimaryDisplay::setMinIdleRefreshRate() writes min_vrefresh(0) to the sysfs node
07-19 20:46:38.095   520 18211 I hwc-display: setRefreshRateThrottleNanos() requester(0) set delay to 0ns
07-19 20:46:38.095   520 18211 I hwc-display: setDisplayIdleDelayNanos() writes idle_delay_ms(0) to the sysfs node (0x0)
07-19 20:46:39.326  1238  1238 W TracingMuxer: type=1400 audit(0.0:479452): avc:  denied  { write } for  name="traced_producer" dev="tmpfs" ino=1352 scontext=u:r:hal_neuralnetworks_darwinn:s0 tcontext=u:object_r:traced_producer_socket:s0 tclass=sock_file permissive=0
07-19 20:46:39.993  1294  1294 I WifiHAL : Creating message to get link statistics; iface = 47
07-19 20:46:40.056 28357 12873 I NearbyMediums: No BLE Fast/GATT advertisements found in the latest cycle.
07-19 20:46:40.056 28357 12873 I NearbyMediums: Current Tracked Scanning Clients are : {NearbyConnections.EnvironmentMonitor, NearbySharing, NearbyConnections.TxAdvertisement}
07-19 20:46:40.059 28357 12874 I NearbyConnections: Processing lost BlePeripheral BlePeripheral{advertisement=BleAdvertisement { version=2, socketVersion=2, isFast=true, serviceIdHash=null, data=[ 0x23 0x4f 0x31 0x59 0x4d 0x11 0x32 0x15 0xdc 0x6f 0xb1 0xec 0x59 0x09 0x81 0x44 0xc2 0x40 0x50 0x70 0xdf 0xbc 0x6c ], deviceToken=[ 0x9d 0x63 ], rxAdvertisement=null }, dctAdvertisement=null, address=null, psm=0, deviceToken=<ByteString@3210a2c size=2 contents="\235c">, isSecondProfile=false, rxInstantConnectionAdv=null}.
07-19 20:46:40.059 28357 12874 I NearbyConnections: Lost BleEndpoint for BlePeripheral BlePeripheral{advertisement=BleAdvertisement { version=2, socketVersion=2, isFast=true, serviceIdHash=null, data=[ 0x23 0x4f 0x31 0x59 0x4d 0x11 0x32 0x15 0xdc 0x6f 0xb1 0xec 0x59 0x09 0x81 0x44 0xc2 0x40 0x50 0x70 0xdf 0xbc 0x6c ], deviceToken=[ 0x9d 0x63 ], rxAdvertisement=null }, dctAdvertisement=null, address=null, psm=0, deviceToken=<ByteString@3210a2c size=2 contents="\235c">, isSecondProfile=false, rxInstantConnectionAdv=null} (with EndpointId O1YM and EndpointInfo [ 0x32 0x15 0xdc 0x6f 0xb1 0xec 0x59 0x09 0x81 0x44 0xc2 0x40 0x50 0x70 0xdf 0xbc 0x6c ]).
07-19 20:46:40.060 28357 12874 I NearbyConnections: ClientProxy(20606377) reporting onEndpointLost(O1YM)
07-19 20:46:40.062 28357 12874 I NearbySharing: NearbySharing Internal event EndpointLost(endpointId=O1YM)
07-19 20:46:40.078  1294  2342 I WifiHAL : Getting cached scan results, iface handle = 0xb400007476f0c750
07-19 20:46:40.079  1294  2342 E WifiHAL : Creating message to get cached scan results
07-19 20:46:40.083  1294  2342 I WifiHAL : In GetCachedScanResultsCommand::handleResponse
07-19 20:46:42.606 17482 17487 I pixel-thermal: VIRTUAL-SKIN-MODEL: model_input: [30615.00 31327.00 30214.00 30971.00 31550.00 32240.00 31193.00 30370.00 ]
07-19 20:46:42.607 17482 17487 I native  : I0000 00:00:1784508402.606854   17487 thermal_tflite_wrapper.cc:270] ThermalTfliteInvoke
07-19 20:46:42.607 17482 17487 I pixel-thermal: VIRTUAL-SKIN-MODEL: model_output: [32118.4 ]
07-19 20:46:42.607 17482 17487 I pixel-thermal: VIRTUAL-SKIN-MODEL: predicted_value: [32118.4 ]
07-19 20:46:42.607 17482 17487 I pixel-thermal: VIRTUAL-SKIN-SPEAKER-MODEL: model_input: [30615.00 31327.00 30214.00 30971.00 31550.00 32240.00 31193.00 30370.00 8.50 ]
07-19 20:46:42.607 17482 17487 I native  : I0000 00:00:1784508402.607716   17487 thermal_tflite_wrapper.cc:270] ThermalTfliteInvoke
07-19 20:46:42.607 17482 17487 I pixel-thermal: VIRTUAL-SKIN-SPEAKER-MODEL: model_output: [28952.9 ]
07-19 20:46:42.607 17482 17487 I pixel-thermal: VIRTUAL-SKIN-SPEAKER-MODEL: predicted_value: [28952.9 ]
07-19 20:46:42.608 17482 17487 I pixel-thermal: VIRTUAL-SKIN-CPU-MID:32.1552 raw data: VIRTUAL-SKIN:32155.2 VIRTUAL-SKIN-CPU-MID:32155.2 VIRTUAL-SKIN-LEGACY:32930.2 VIRTUAL-SKIN-LEGACY-MODEL-DIFF:811.793 VIRTUAL-SKIN-LEGACY-SHUTDOWN:0 VIRTUAL-SKIN-MODEL:32118.4 VIRTUAL-SKIN-MODEL-CLAMPED:32118.4 VIRTUAL-SKIN-MODEL-LEGACY-DIFF:-811.793 VIRTUAL-SKIN-MODEL-UPDATED:32155.2 VIRTUAL-SKIN-MODEL-UPPER-CLAMPED:32118.4 VIRTUAL-SKIN-SPEAKER:28961.1 VIRTUAL-SKIN-SPEAKER-MODEL:28952.9 VIRTUAL-SKIN-SUB-0:32930.2 VIRTUAL-SKIN-SUB-1:30734.3 VSYS_PWR_TSPKR:8.50031 VSYS_PWR_TSPKR_90S:8.50031 VT_LEGACY_WEIGHT:0 VT_MODEL_WEIGHT:1 charging_therm:31327 disp_therm:30214 flash_therm:30971 north_therm:31550 quiet_therm:30615 rfpa_therm:32240 soc_therm:31193 usb_pwr_therm:30370 
07-19 20:46:42.608 17482 17487 I pixel-thermal: VIRTUAL-SKIN-CHARGE-PERSIST:31.5191 raw data: VIRTUAL-SKIN-CHARGE-PERSIST:31519.1 VIRTUAL-SKIN-CHARGE-WLC:31519.1 charging_therm:31327 disp_therm:30214 flash_therm:30971 north_therm:31550 quiet_therm:30615 rfpa_therm:32240 soc_therm:31193 usb_pwr_therm:30370 
07-19 20:46:42.608 17482 17487 I pixel-thermal: VIRTUAL-SKIN-SOC:32.1552 raw data: VIRTUAL-SKIN:32155.2 VIRTUAL-SKIN-SOC:32155.2 
07-19 20:46:42.608 17482 17487 I pixel-thermal: VIRTUAL-SKIN-HINT:32.1552 raw data: VIRTUAL-SKIN:32155.2 VIRTUAL-SKIN-HINT:32155.2 
07-19 20:46:42.608 17482 17487 I pixel-thermal: VIRTUAL-SKIN-CPU-LIGHT-ODPM:32.1552 raw data: VIRTUAL-SKIN:32155.2 VIRTUAL-SKIN-CPU-LIGHT-ODPM:32155.2 
07-19 20:46:42.608 17482 17487 I pixel-thermal: VIRTUAL-SKIN-CPU-ODPM:32.1552 raw data: VIRTUAL-SKIN:32155.2 VIRTUAL-SKIN-CPU-ODPM:32155.2 
07-19 20:46:42.609 17482 17487 I pixel-thermal: VIRTUAL-SKIN-CPU-HIGH:32.1552 raw data: VIRTUAL-SKIN:32155.2 VIRTUAL-SKIN-CPU-HIGH:32155.2 
07-19 20:46:42.609 17482 17487 I pixel-thermal: cellular-emergency:32.1552 raw data: VIRTUAL-SKIN:32155.2 cellular-emergency:32155.2 
07-19 20:46:42.609 17482 17487 I pixel-thermal: STATS-UPDATOR:0 raw data: EXTREME-SOC-CONDITION-CHECK:0 MAIN_SOC_POWER:273.087 STATS-UPDATOR:0 TPU_35S:0 VIRTUAL-SKIN:32155.2 VIRTUAL-SKIN-LEGACY:32930.2 VIRTUAL-SKIN-MODEL:32118.4 VIRTUAL-SKIN-MODEL-LEGACY-DIFF:-811.793 VIRTUAL-SKIN-SPEAKER-MODEL:28952.9 
07-19 20:46:42.609 17482 17487 I pixel-thermal: VIRTUAL-SKIN-SPEAKER:28.9611 raw data: VIRTUAL-SKIN-SPEAKER:28961.1 
07-19 20:46:42.609 17482 17487 I pixel-thermal: VIRTUAL-SKIN:32.1552 raw data: VIRTUAL-SKIN:32155.2 
07-19 20:46:43.115  1294  2342 I WifiHAL : Creating message to get link statistics; iface = 47
07-19 20:46:43.159  1294  1294 I WifiHAL : Getting cached scan results, iface handle = 0xb400007476f0c750
07-19 20:46:43.159  1294  1294 E WifiHAL : Creating message to get cached scan results
07-19 20:46:43.164  1294  1294 I WifiHAL : In GetCachedScanResultsCommand::handleResponse
07-19 20:46:43.190 17482 17487 I pixel-thermal: disp_therm:30.214 raw data: disp_therm:30214 
07-19 20:46:43.190 17482 17487 I pixel-thermal: usb_pwr_therm:30.37 raw data: usb_pwr_therm:30370 
07-19 20:46:43.190 17482 17487 I pixel-thermal: quiet_therm:30.615 raw data: quiet_therm:30615 
07-19 20:46:43.190 17482 17487 I pixel-thermal: VIRTUAL-USB-THROTTLING:0 raw data: USB-MINUS-CHARGER:-957 VIRTUAL-USB-THROTTLING:0 charging_therm:31327 usb_pwr_therm:30370 
07-19 20:46:43.190 17482 17487 I pixel-thermal: VIRTUAL-USB-UI:0 raw data: USB-MINUS-CHARGER:-957 VIRTUAL-USB-UI:0 usb_pwr_therm:30370 
07-19 20:46:43.221 17482 17487 I pixel-thermal: flash_therm:30.971 raw data: flash_therm:30971 
07-19 20:46:44.346  1569  1569 W TracingMuxer: type=1400 audit(0.0:479453): avc:  denied  { write } for  name="traced_producer" dev="tmpfs" ino=1352 scontext=u:r:gxp_logging:s0 tcontext=u:object_r:traced_producer_socket:s0 tclass=sock_file permissive=0
07-19 20:46:44.576  2532  2773 D TemperatureStateSource: sequence=22342 actualDelay=10002
07-19 20:46:44.576  2532  2773 D TemperatureStateSource: Reading temperature: sequence=22343
07-19 20:46:44.579 17482 17482 I pixel-thermal: VIRTUAL-SKIN:32.1552 raw data: VIRTUAL-SKIN:32155.2 
07-19 20:46:44.580  2532  2773 D TemperatureStateSource: getDeviceTemperatures: sequence=22343 deviceTemperatureType=3 temperatureSource=0 temperatures=[32.155174]
07-19 20:46:44.580  2532  2773 D TemperatureStateSource: sequence=22343 waitTime=10000
07-19 20:46:44.581  2532  2773 D ImpulseStateSource: Notify clients: 32441
07-19 20:46:44.984  1735  2189 D ActivityManager: freezing 32533 com.google.android.gms
07-19 20:46:44.997  1735  2189 D ActivityManager: freezing 7383 com.google.android.adservices.api
07-19 20:46:44.999  1735  2189 D ActivityManager: freezing 7975 com.google.android.apps.messaging
07-19 20:46:45.000  1295  1933 D AudioFlinger: onStateChanged: pid:7975  uid:10187  state:frozen - no freeze activity
07-19 20:46:45.004  1735  2189 D ActivityManager: freezing 21317 com.google.android.gms.unstable
07-19 20:46:45.007  1735  2189 D ActivityManager: freezing 11832 com.google.android.webview:sandboxed_process0:org.chromium.content.app.SandboxedProcessService0:0
07-19 20:46:45.014  1735  2245 D InetDiagMessage: Destroyed 0 sockets, proto=IPPROTO_TCP, family=AF_INET, states=14
07-19 20:46:45.016  1735  2245 D InetDiagMessage: Destroyed 0 sockets, proto=IPPROTO_TCP, family=AF_INET6, states=14
07-19 20:46:45.016  1735  2245 D InetDiagMessage: Destroyed live tcp sockets for uids={10290} in 4ms
07-19 20:46:45.018  1735  2245 D InetDiagMessage: Destroyed 0 sockets, proto=IPPROTO_TCP, family=AF_INET, states=14
07-19 20:46:45.019  1735  2245 D InetDiagMessage: Destroyed 0 sockets, proto=IPPROTO_TCP, family=AF_INET6, states=14
07-19 20:46:45.020  1735  2245 D InetDiagMessage: Destroyed live tcp sockets for uids={99172} in 3ms
07-19 20:46:45.960  1735  2189 D ActivityManager: freezing 28774 com.google.android.apps.tycho
07-19 20:46:46.200  1294  1294 I WifiHAL : Creating message to get link statistics; iface = 47
07-19 20:46:46.265  1294  2342 I WifiHAL : Getting cached scan results, iface handle = 0xb400007476f0c750
07-19 20:46:46.265  1294  2342 E WifiHAL : Creating message to get cached scan results
07-19 20:46:46.271  1294  2342 I WifiHAL : In GetCachedScanResultsCommand::handleResponse
07-19 20:46:47.027  1735  2245 W AppOps  : Noting op not finished: uid 1000 pkg com.android.location.fused code 169 startTime of in progress event=1784492451240
07-19 20:46:48.514  1573  1573 D AOC     : CHRE: DRAM vote count begins
07-19 20:46:48.514  1573  1573 D AOC     : CHRE: DRAM vote count ends: 0 ms
07-19 20:46:48.514  1573  1573 D AOC     : CHRE: DRAM vote count begins
07-19 20:46:48.514  1573  1573 D AOC     : CHRE: DRAM vote count ends: 0 ms
07-19 20:46:48.514  1573  1573 D AOC     : CHRE: DRAM vote count begins
07-19 20:46:48.515  1231  1251 I CHRE    : @ 477683.606: [vice_ambient_volume] SendMessageToAmbientVolume, message_type: 33281 to instance_id: 0x3
07-19 20:46:48.515  1231  1251 I CHRE    : @ 477683.607: [vice_ambient_volume] Ambient Volume enabled
07-19 20:46:48.518  1573  1573 D AOC     : F1:MSG: controller.cc, 275: AudioInCtrl: cmd ID: 0x00f4, tag: 0xa0 [cntr = 39530]
07-19 20:46:48.519  1231  1251 I CHRE    : @ 477683.608: [AV] Client info registered: client endpoint 0x1a, include_volume_history_seconds: transition=0 exposure=0
07-19 20:46:48.519  1573  1573 D AOC     : F1:MSG: controller_audio_input.cc, 4385: Got Chre audio start cmd (input path = 0)
07-19 20:46:48.519  1231  1251 D CHRE    : @ 477683.610: request audio send: 0
07-19 20:46:48.519  1231  1251 I CHRE    : @ 477683.611: [AV] Requested audio from handle 0, status: 1
07-19 20:46:48.520  1573  1573 D AOC     : F1:MSG: audio_capture_pdm.cc, 448: Reconfig seamless
07-19 20:46:48.520  1573  1573 D AOC     : F1:Stream 1: mask 0x3, rings {1, 0}, pipe 0x1, sr 16000, il {0,1,0,0}, en 1, mc 0, ni 1, fpo 0, ru 1, hq 0
07-19 20:46:48.520  1573  1573 D AOC     : F1:Stream 4: mask 0x1, rings {7, 0}, pipe 0x10, sr 16000, il {0,0,0,0}, en 1, mc 0, ni 10, fpo 0, ru 1, hq 0
07-19 20:46:48.520  1573  1573 D AOC     : F1:MSG: audio_capture_pdm.cc, 580: Stream 4 restarted (ramp ON)
07-19 20:46:48.520  1573  1573 D AOC     : F1:MSG: chre_src.cc, 427: Set input source to 0
07-19 20:46:48.520  1573  1573 D AOC     : F1:MSG: chre_src.cc, 152: CHRE SRC Reset Requested
07-19 20:46:48.520  1573  1573 D AOC     : F1:TRC: hotword_input_processor.cc, 1008: Receive cmd: 0x84 (132)
07-19 20:46:48.521  1573  1573 D AOC     : F1:TRC: hotword_input_processor.cc, 1504: Finished cmd: 0x84 (132)
07-19 20:46:48.521  1573  1573 D AOC     : F1:MSG: controller.cc, 919: AudioInCtrl: ipc: C-Ch-AI, cmd ID: 0x00f4, tag: 0xa0, rc: 0
07-19 20:46:48.521  1573  1573 D AOC     : CHRE: DRAM vote count ends: 0 ms
07-19 20:46:48.521  1231  1251 I CHRE    : @ 477683.612: [vice_ambient_volume] Received ACK from Ambient Volume for enable request
07-19 20:46:48.521  1573  1573 D AOC     : CHRE: DRAM vote count begins
07-19 20:46:48.521  1573  1573 D AOC     : CHRE: DRAM vote count ends: 0 ms
07-19 20:46:48.521  1573  1573 D AOC     : CHRE: DRAM vote count begins
07-19 20:46:48.521  1573  1573 D AOC     : CHRE: DRAM vote count ends: 0 ms
07-19 20:46:48.521  1573  1573 D AOC     : CHRE: DRAM vote count begins
07-19 20:46:48.521  1573  1573 D AOC     : CHRE: DRAM vote count ends: 0 ms
07-19 20:46:49.316  1294  2342 I WifiHAL : Creating message to get link statistics; iface = 47
07-19 20:46:49.376  1294  1294 I WifiHAL : Getting cached scan results, iface handle = 0xb400007476f0c750
07-19 20:46:49.376  1294  1294 E WifiHAL : Creating message to get cached scan results
07-19 20:46:49.382  1294  1294 I WifiHAL : In GetCachedScanResultsCommand::handleResponse
07-19 20:46:49.614 17482 17487 I pixel-thermal: VIRTUAL-SKIN-MODEL: model_input: [30526.00 31416.00 30281.00 31038.00 31550.00 32173.00 31149.00 30236.00 ]
07-19 20:46:49.614 17482 17487 I native  : I0000 00:00:1784508409.614271   17487 thermal_tflite_wrapper.cc:270] ThermalTfliteInvoke
07-19 20:46:49.614 17482 17487 I pixel-thermal: VIRTUAL-SKIN-MODEL: model_output: [32184.8 ]
07-19 20:46:49.614 17482 17487 I pixel-thermal: VIRTUAL-SKIN-MODEL: predicted_value: [32184.8 ]
07-19 20:46:49.615 17482 17487 I pixel-thermal: VIRTUAL-SKIN-SPEAKER-MODEL: model_input: [30526.00 31416.00 30281.00 31038.00 31550.00 32173.00 31149.00 30236.00 8.50 ]
07-19 20:46:49.615 17482 17487 I native  : I0000 00:00:1784508409.615091   17487 thermal_tflite_wrapper.cc:270] ThermalTfliteInvoke
07-19 20:46:49.615 17482 17487 I pixel-thermal: VIRTUAL-SKIN-SPEAKER-MODEL: model_output: [28858.7 ]
07-19 20:46:49.615 17482 17487 I pixel-thermal: VIRTUAL-SKIN-SPEAKER-MODEL: predicted_value: [28858.7 ]
07-19 20:46:49.615 17482 17487 I pixel-thermal: VIRTUAL-SKIN-CPU-MID:32.167 raw data: VIRTUAL-SKIN:32167 VIRTUAL-SKIN-CPU-MID:32167 VIRTUAL-SKIN-LEGACY:32905.2 VIRTUAL-SKIN-LEGACY-MODEL-DIFF:720.441 VIRTUAL-SKIN-LEGACY-SHUTDOWN:0 VIRTUAL-SKIN-MODEL:32184.8 VIRTUAL-SKIN-MODEL-CLAMPED:32184.8 VIRTUAL-SKIN-MODEL-LEGACY-DIFF:-720.441 VIRTUAL-SKIN-MODEL-UPDATED:32167 VIRTUAL-SKIN-MODEL-UPPER-CLAMPED:32184.8 VIRTUAL-SKIN-SPEAKER:28940.6 VIRTUAL-SKIN-SPEAKER-MODEL:28858.7 VIRTUAL-SKIN-SUB-0:32905.2 VIRTUAL-SKIN-SUB-1:30696.8 VSYS_PWR_TSPKR:8.50245 VSYS_PWR_TSPKR_90S:8.50245 VT_LEGACY_WEIGHT:0 VT_MODEL_WEIGHT:1 charging_therm:31416 disp_therm:30281 flash_therm:31038 north_therm:31550 quiet_therm:30526 rfpa_therm:32173 soc_therm:31149 usb_pwr_therm:30236 
07-19 20:46:49.615 17482 17487 I pixel-thermal: VIRTUAL-SKIN-CHARGE-PERSIST:31.5329 raw data: VIRTUAL-SKIN-CHARGE-PERSIST:31532.9 VIRTUAL-SKIN-CHARGE-WLC:31532.9 charging_therm:31416 disp_therm:30281 flash_therm:31038 north_therm:31550 quiet_therm:30526 rfpa_therm:32173 soc_therm:31149 usb_pwr_therm:30236 
07-19 20:46:49.615 17482 17487 I pixel-thermal: VIRTUAL-SKIN-SOC:32.167 raw data: VIRTUAL-SKIN:32167 VIRTUAL-SKIN-SOC:32167 
07-19 20:46:49.615 17482 17487 I pixel-thermal: VIRTUAL-SKIN-HINT:32.167 raw data: VIRTUAL-SKIN:32167 VIRTUAL-SKIN-HINT:32167 
07-19 20:46:49.615 17482 17487 I pixel-thermal: VIRTUAL-SKIN-CPU-LIGHT-ODPM:32.167 raw data: VIRTUAL-SKIN:32167 VIRTUAL-SKIN-CPU-LIGHT-ODPM:32167 
07-19 20:46:49.616 17482 17487 I pixel-thermal: VIRTUAL-SKIN-CPU-ODPM:32.167 raw data: VIRTUAL-SKIN:32167 VIRTUAL-SKIN-CPU-ODPM:32167 
07-19 20:46:49.616 17482 17487 I pixel-thermal: VIRTUAL-SKIN-CPU-HIGH:32.167 raw data: VIRTUAL-SKIN:32167 VIRTUAL-SKIN-CPU-HIGH:32167 
07-19 20:46:49.616 17482 17487 I pixel-thermal: cellular-emergency:32.167 raw data: VIRTUAL-SKIN:32167 cellular-emergency:32167 
07-19 20:46:49.616 17482 17487 I pixel-thermal: STATS-UPDATOR:0 raw data: EXTREME-SOC-CONDITION-CHECK:0 MAIN_SOC_POWER:262.951 STATS-UPDATOR:0 TPU_35S:0 VIRTUAL-SKIN:32167 VIRTUAL-SKIN-LEGACY:32905.2 VIRTUAL-SKIN-MODEL:32184.8 VIRTUAL-SKIN-MODEL-LEGACY-DIFF:-720.441 VIRTUAL-SKIN-SPEAKER-MODEL:28858.7 
07-19 20:46:49.616 17482 17487 I pixel-thermal: VIRTUAL-SKIN-SPEAKER:28.9406 raw data: VIRTUAL-SKIN-SPEAKER:28940.6 
07-19 20:46:49.616 17482 17487 I pixel-thermal: VIRTUAL-SKIN:32.167 raw data: VIRTUAL-SKIN:32167 
07-19 20:46:50.060 28357 12875 I NearbyMediums: No BLE Fast/GATT advertisements found in the latest cycle.
07-19 20:46:50.060 28357 12875 I NearbyMediums: Current Tracked Scanning Clients are : {NearbyConnections.EnvironmentMonitor, NearbySharing, NearbyConnections.TxAdvertisement}
07-19 20:46:50.115  1604  1604 I adbd    : adbd service requested 'shell,v2,TERM=xterm-256color:export ANDROID_LOG_TAGS=''; exec logcat '-d' '*:E''
07-19 20:46:50.201 17482 17487 I pixel-thermal: disp_therm:30.281 raw data: disp_therm:30281 
07-19 20:46:50.202 17482 17487 I pixel-thermal: usb_pwr_therm:30.236 raw data: usb_pwr_therm:30236 
07-19 20:46:50.202 17482 17487 I pixel-thermal: quiet_therm:30.526 raw data: quiet_therm:30526 
07-19 20:46:50.202 17482 17487 I pixel-thermal: VIRTUAL-USB-THROTTLING:0 raw data: USB-MINUS-CHARGER:-1180 VIRTUAL-USB-THROTTLING:0 charging_therm:31416 usb_pwr_therm:30236 
07-19 20:46:50.202 17482 17487 I pixel-thermal: VIRTUAL-USB-UI:0 raw data: USB-MINUS-CHARGER:-1180 VIRTUAL-USB-UI:0 usb_pwr_therm:30236 
07-19 20:46:50.618  1231  1251 I CHRE    : @ 477685.707: [vice_ambient_volume] SendMessageToAmbientVolume, message_type: 33283 to instance_id: 0x3
07-19 20:46:50.619  1231  1251 I CHRE    : @ 477685.707: nappId=26 tried to cancel expired/invalid timer 30890
07-19 20:46:50.619  1231  1251 I CHRE    : @ 477685.707: [vice_ambient_volume] SendMessageToAmbientVolume, message_type: 33282 to instance_id: 0x3
07-19 20:46:50.619  1231  1251 E CHRE    : @ 477685.707: [AV] Client 3 is not found.
07-19 20:46:50.619  1231  1251 I CHRE    : @ 477685.707: [AV] disabling detection
07-19 20:46:50.619  1231  1251 D CHRE    : @ 477685.709: request audio send: 0
07-19 20:46:50.619  1231  1251 I CHRE    : @ 477685.710: [vice_ambient_volume] Received ACK from Ambient Volume for disable request
07-19 20:46:50.621  1573  1573 D AOC     : CHRE: DRAM vote count begins
07-19 20:46:50.621  1573  1573 D AOC     : F1:MSG: controller.cc, 275: AudioInCtrl: cmd ID: 0x00f5, tag: 0xa1 [cntr = 39531]
07-19 20:46:50.621  1573  1573 D AOC     : F1:MSG: controller_audio_input.cc, 4407: Got chre audio stop cmd
07-19 20:46:50.622  1573  1573 D AOC     : F1:TRC: hotword_input_processor.cc, 1008: Receive cmd: 0x84 (132)
07-19 20:46:50.622  1573  1573 D AOC     : F1:TRC: hotword_input_processor.cc, 1504: Finished cmd: 0x84 (132)
07-19 20:46:50.622  1573  1573 D AOC     : F1:MSG: audio_capture_pdm.cc, 448: Reconfig seamless
07-19 20:46:50.622  1573  1573 D AOC     : F1:Stream 1: mask 0x3, rings {1, 0}, pipe 0x1, sr 16000, il {0,1,0,0}, en 1, mc 0, ni 1, fpo 0, ru 1, hq 0
07-19 20:46:50.622  1573  1573 D AOC     : F1:MSG: controller.cc, 919: AudioInCtrl: ipc: C-Ch-AI, cmd ID: 0x00f5, tag: 0xa1, rc: 0
07-19 20:46:50.622  1573  1573 D AOC     : CHRE: DRAM vote count ends: 0 ms
07-19 20:46:50.622  1573  1573 D AOC     : CHRE: DRAM vote count begins
07-19 20:46:50.622  1573  1573 D AOC     : CHRE: DRAM vote count ends: 0 ms
07-19 20:46:50.623  1573  1573 D AOC     : CHRE: DRAM vote count begins
07-19 20:46:50.623  1573  1573 D AOC     : CHRE: DRAM vote count ends: 0 ms
07-19 20:46:50.623  1573  1573 D AOC     : CHRE: DRAM vote count begins
07-19 20:46:50.623  1573  1573 D AOC     : CHRE: DRAM vote count ends: 0 ms
07-19 20:46:52.414  1294  1294 I WifiHAL : Creating message to get link statistics; iface = 47
07-19 20:46:52.482  1294  2342 I WifiHAL : Getting cached scan results, iface handle = 0xb400007476f0c750
07-19 20:46:52.482  1294  2342 E WifiHAL : Creating message to get cached scan results
07-19 20:46:52.490  1294  2342 I WifiHAL : In GetCachedScanResultsCommand::handleResponse
07-19 20:46:54.568  2532  2773 D ImpulseConnection: timeout didn't happen: com.google.android.apps.turbo
07-19 20:46:54.583  2532  2800 D TemperatureStateSource: sequence=22343 actualDelay=10002
07-19 20:46:54.584  2532  2800 D TemperatureStateSource: Reading temperature: sequence=22344
07-19 20:46:54.588 17482 17482 I pixel-thermal: VIRTUAL-SKIN-SPEAKER-MODEL: model_input: [30526.00 31416.00 30281.00 31038.00 31550.00 32173.00 31149.00 30236.00 8.50 ]
07-19 20:46:54.589 17482 17482 I native  : I0000 00:00:1784508414.589310   17482 thermal_tflite_wrapper.cc:270] ThermalTfliteInvoke
07-19 20:46:54.589 17482 17482 I pixel-thermal: VIRTUAL-SKIN-SPEAKER-MODEL: model_output: [28944 ]
07-19 20:46:54.589 17482 17482 I pixel-thermal: VIRTUAL-SKIN-SPEAKER-MODEL: predicted_value: [28944 ]
07-19 20:46:54.589 17482 17482 I pixel-thermal: VIRTUAL-SKIN:32.1741 raw data: VIRTUAL-SKIN:32174.1 VIRTUAL-SKIN-LEGACY:32905.2 VIRTUAL-SKIN-LEGACY-MODEL-DIFF:720.441 VIRTUAL-SKIN-LEGACY-SHUTDOWN:0 VIRTUAL-SKIN-MODEL:32184.8 VIRTUAL-SKIN-MODEL-CLAMPED:32184.8 VIRTUAL-SKIN-MODEL-LEGACY-DIFF:-720.441 VIRTUAL-SKIN-MODEL-UPDATED:32174.1 VIRTUAL-SKIN-MODEL-UPPER-CLAMPED:32184.8 VIRTUAL-SKIN-SPEAKER:28941.3 VIRTUAL-SKIN-SPEAKER-MODEL:28944 VIRTUAL-SKIN-SUB-0:32905.2 VIRTUAL-SKIN-SUB-1:30696.8 VSYS_PWR_TSPKR:8.49542 VSYS_PWR_TSPKR_90S:8.49542 VT_LEGACY_WEIGHT:0 VT_MODEL_WEIGHT:1 charging_therm:31416 disp_therm:30281 flash_therm:31038 north_therm:31550 quiet_therm:30526 rfpa_therm:32173 soc_therm:31149 usb_pwr_therm:30236 
07-19 20:46:54.590  2532  2800 D TemperatureStateSource: getDeviceTemperatures: sequence=22344 deviceTemperatureType=3 temperatureSource=0 temperatures=[32.174126]
07-19 20:46:54.591  2532  2888 D ImpulseStateSource: Notify clients: 32442
07-19 20:46:54.593  2532  2800 D TemperatureStateSource: sequence=22344 waitTime=10000
07-19 20:46:55.531  1294  2342 I WifiHAL : Creating message to get link statistics; iface = 47
07-19 20:46:55.638  1294  2342 E libbinder.IPCThreadState: binder thread pool (1 threads) starved for 106 ms
07-19 20:46:55.638  1294  1294 I WifiHAL : Getting cached scan results, iface handle = 0xb400007476f0c750
07-19 20:46:55.638  1294  1294 E WifiHAL : Creating message to get cached scan results
07-19 20:46:55.644  1294  1294 I WifiHAL : In GetCachedScanResultsCommand::handleResponse
07-19 20:46:56.629 17482 17487 I pixel-thermal: VIRTUAL-SKIN-MODEL: model_input: [30592.00 31260.00 30214.00 30971.00 31572.00 31883.00 31082.00 30236.00 ]
07-19 20:46:56.630 17482 17487 I native  : I0000 00:00:1784508416.629916   17487 thermal_tflite_wrapper.cc:270] ThermalTfliteInvoke
07-19 20:46:56.630 17482 17487 I pixel-thermal: VIRTUAL-SKIN-MODEL: model_output: [32097.3 ]
07-19 20:46:56.630 17482 17487 I pixel-thermal: VIRTUAL-SKIN-MODEL: predicted_value: [32097.3 ]
07-19 20:46:56.630 17482 17487 I pixel-thermal: VIRTUAL-SKIN-SPEAKER-MODEL: model_input: [30592.00 31260.00 30214.00 30971.00 31572.00 31883.00 31082.00 30236.00 8.50 ]
07-19 20:46:56.630 17482 17487 I native  : I0000 00:00:1784508416.630523   17487 thermal_tflite_wrapper.cc:270] ThermalTfliteInvoke
07-19 20:46:56.630 17482 17487 I pixel-thermal: VIRTUAL-SKIN-SPEAKER-MODEL: model_output: [29028.2 ]
07-19 20:46:56.630 17482 17487 I pixel-thermal: VIRTUAL-SKIN-SPEAKER-MODEL: predicted_value: [29028.2 ]
07-19 20:46:56.630 17482 17487 I pixel-thermal: VIRTUAL-SKIN-CPU-MID:32.1434 raw data: VIRTUAL-SKIN:32143.4 VIRTUAL-SKIN-CPU-MID:32143.4 VIRTUAL-SKIN-LEGACY:32863.8 VIRTUAL-SKIN-LEGACY-MODEL-DIFF:766.477 VIRTUAL-SKIN-LEGACY-SHUTDOWN:0 VIRTUAL-SKIN-MODEL:32097.3 VIRTUAL-SKIN-MODEL-CLAMPED:32097.3 VIRTUAL-SKIN-MODEL-LEGACY-DIFF:-766.477 VIRTUAL-SKIN-MODEL-UPDATED:32143.4 VIRTUAL-SKIN-MODEL-UPPER-CLAMPED:32097.3 VIRTUAL-SKIN-SPEAKER:28958.7 VIRTUAL-SKIN-SPEAKER-MODEL:29028.2 VIRTUAL-SKIN-SUB-0:32863.8 VIRTUAL-SKIN-SUB-1:30672.2 VSYS_PWR_TSPKR:8.49542 VSYS_PWR_TSPKR_90S:8.49542 VT_LEGACY_WEIGHT:0 VT_MODEL_WEIGHT:1 charging_therm:31260 disp_therm:30214 flash_therm:30971 north_therm:31572 quiet_therm:30592 rfpa_therm:31883 soc_therm:31082 usb_pwr_therm:30236 
07-19 20:46:56.631 17482 17487 I pixel-thermal: VIRTUAL-SKIN-CHARGE-PERSIST:31.501 raw data: VIRTUAL-SKIN-CHARGE-PERSIST:31501 VIRTUAL-SKIN-CHARGE-WLC:31501 charging_therm:31260 disp_therm:30214 flash_therm:30971 north_therm:31572 quiet_therm:30592 rfpa_therm:31883 soc_therm:31082 usb_pwr_therm:30236 
07-19 20:46:56.631 17482 17487 I pixel-thermal: VIRTUAL-SKIN-SOC:32.1434 raw data: VIRTUAL-SKIN:32143.4 VIRTUAL-SKIN-SOC:32143.4 
07-19 20:46:56.631 17482 17487 I pixel-thermal: VIRTUAL-SKIN-HINT:32.1434 raw data: VIRTUAL-SKIN:32143.4 VIRTUAL-SKIN-HINT:32143.4 
07-19 20:46:56.631 17482 17487 I pixel-thermal: VIRTUAL-SKIN-CPU-LIGHT-ODPM:32.1434 raw data: VIRTUAL-SKIN:32143.4 VIRTUAL-SKIN-CPU-LIGHT-ODPM:32143.4 
07-19 20:46:56.631 17482 17487 I pixel-thermal: VIRTUAL-SKIN-CPU-ODPM:32.1434 raw data: VIRTUAL-SKIN:32143.4 VIRTUAL-SKIN-CPU-ODPM:32143.4 
07-19 20:46:56.631 17482 17487 I pixel-thermal: VIRTUAL-SKIN-CPU-HIGH:32.1434 raw data: VIRTUAL-SKIN:32143.4 VIRTUAL-SKIN-CPU-HIGH:32143.4 
07-19 20:46:56.631 17482 17487 I pixel-thermal: cellular-emergency:32.1434 raw data: VIRTUAL-SKIN:32143.4 cellular-emergency:32143.4 
07-19 20:46:56.631 17482 17487 I pixel-thermal: STATS-UPDATOR:0 raw data: EXTREME-SOC-CONDITION-CHECK:0 MAIN_SOC_POWER:161.631 STATS-UPDATOR:0 TPU_35S:0 VIRTUAL-SKIN:32143.4 VIRTUAL-SKIN-LEGACY:32863.8 VIRTUAL-SKIN-MODEL:32097.3 VIRTUAL-SKIN-MODEL-LEGACY-DIFF:-766.477 VIRTUAL-SKIN-SPEAKER-MODEL:29028.2 
07-19 20:46:56.632 17482 17487 I pixel-thermal: VIRTUAL-SKIN-SPEAKER:28.9587 raw data: VIRTUAL-SKIN-SPEAKER:28958.7 
07-19 20:46:56.632 17482 17487 I pixel-thermal: VIRTUAL-SKIN:32.1434 raw data: VIRTUAL-SKIN:32143.4 
07-19 20:46:57.216 17482 17487 I pixel-thermal: disp_therm:30.214 raw data: disp_therm:30214 
07-19 20:46:57.216 17482 17487 I pixel-thermal: usb_pwr_therm:30.236 raw data: usb_pwr_therm:30236 
07-19 20:46:57.216 17482 17487 I pixel-thermal: quiet_therm:30.592 raw data: quiet_therm:30592 
07-19 20:46:57.217 17482 17487 I pixel-thermal: VIRTUAL-USB-THROTTLING:0 raw data: USB-MINUS-CHARGER:-1024 VIRTUAL-USB-THROTTLING:0 charging_therm:31260 usb_pwr_therm:30236 
07-19 20:46:57.217 17482 17487 I pixel-thermal: VIRTUAL-USB-UI:0 raw data: USB-MINUS-CHARGER:-1024 VIRTUAL-USB-UI:0 usb_pwr_therm:30236 
07-19 20:46:58.040  1604  1604 I adbd    : adbd service requested 'shell,v2,TERM=xterm-256color:export ANDROID_LOG_TAGS=''; exec logcat '-d''
