--------- beginning of main
07-19 20:46:14.126   516   725 D SurfaceFlinger: setDesiredMode 4619827779462952448 {mode={fps=120.00 Hz, modePtr={id=1, vsyncRate=120.00 Hz, peakRefreshRate=120.00 Hz}}, emitEvent=false, force=false}
07-19 20:46:14.136   516   516 D SurfaceFlinger: initiateModeChange 4619827779462952448 {mode={fps=120.00 Hz, modePtr={id=1, vsyncRate=120.00 Hz, peakRefreshRate=120.00 Hz}}, emitEvent=false, force=false}
07-19 20:46:14.137   520   520 D hwc-display: setActiveConfigWithConstraints:: PrimaryDisplay config(37) test(0)
07-19 20:46:14.137   520   520 I hwc-display: [PrimaryDisplay] setActiveConfigWithConstraints: config(37)
07-19 20:46:14.161  2355  2358 I deeptouch: I0000 00:00:1784508374.161315    2358 tf_lite_classifier.cc:415] Event stream classified as kNone
07-19 20:46:14.172  1735  2759 V GrammaticalInflectionUtils: AttributionSource: android.content.AttributionSource@3f028e34 does not have READ_SYSTEM_GRAMMATICAL_GENDER permission.
--------- beginning of system
07-19 20:46:14.178  1735  2759 D CorePackageUpdate: onRecentTaskRemoved Removing task: 6040
07-19 20:46:14.178  1735  2759 D CorePackageUpdate: Couldn't find a persistent state for task= 6040
07-19 20:46:14.178  1735  2759 V ActivityTaskManager: TaskLaunchParamsModifier: phase=3 task=Task{2665265 #6041 type=standard A=10461:org.qtproject.example.appBleacherStream} activity=ActivityRecord{225828700 u0 org.qtproject.example.appBleacherStream/org.qtproject.qt.android.bindings.QtActivity t-1} display-from-option=0 display-id=0 task-display-area-windowing-mode=1 suggested-display-area=DefaultTaskDisplayArea@178324291 inherit-from-source=fullscreen non-freeform-task-display-area display-area=DefaultTaskDisplayArea@178324291 skip-bounds-fullscreen
07-19 20:46:14.178  1735  2759 I ActivityTaskManager: START u0 {act=android.intent.action.MAIN cat=[android.intent.category.LAUNCHER] flg=0x10200000 xflg=0x4 cmp=org.qtproject.example.appBleacherStream/org.qtproject.qt.android.bindings.QtActivity bnds=[795,1044][1050,1325]} with LAUNCH_SINGLE_TOP from uid 10258 (com.google.android.apps.nexuslauncher) (sr=41000778) (BAL_ALLOW_VISIBLE_WINDOW) result code=0
07-19 20:46:14.178  1735  1814 V GrammaticalInflectionUtils: AttributionSource: android.content.AttributionSource@3f028e34 does not have READ_SYSTEM_GRAMMATICAL_GENDER permission.
07-19 20:46:14.178  2726  2726 D StatsLog: LAUNCHER_APP_LAUNCH_TAP
07-19 20:46:14.179  2368  2403 V WindowManagerShell: Transition requested (#10494): android.os.BinderProxy@ee59bef TransitionRequestInfo { type = OPEN, triggerTask = TaskInfo{userId=0 taskId=6041 effectiveUid=10461 displayId=0 isRunning=true baseIntent=Intent { act=android.intent.action.MAIN cat=[android.intent.category.LAUNCHER] flg=0x10200000 cmp=org.qtproject.example.appBleacherStream/org.qtproject.qt.android.bindings.QtActivity } baseActivity=ComponentInfo{org.qtproject.example.appBleacherStream/org.qtproject.qt.android.bindings.QtActivity} topActivity=ComponentInfo{org.qtproject.example.appBleacherStream/org.qtproject.qt.android.bindings.QtActivity} origActivity=null realActivity=ComponentInfo{org.qtproject.example.appBleacherStream/org.qtproject.qt.android.bindings.QtActivity} realActivityIsAppLockEnabled=false numActivities=1 lastActiveTime=477647225 supportsMultiWindow=true supportsMultiWindowWithoutConstraints=true resizeMode=1 isResizeable=true minWidth=-1 minHeight=-1 defaultMinSize=220 token=WCT{android.os.BinderProxy@72066fc} topActivityType=1 pictureInPictureParams=null shouldDockBigOverlays=false launchIntoPipHostTaskId=-1 lastParentTaskIdBeforePip=-1 displayCutoutSafeInsets=Rect(0, 152 - 0, 0) topActivityInfo=ActivityInfo{b14d185 org.qtproject.qt.android.bindings.QtActivity} launchCookies=[android.os.BinderProxy@191ebda] positionInParent=Point(0, 0) parentTaskId=-1 isFocused=false isInteractive=false isVisible=false isVisibleRequested=false isTopActivityNoDisplay=false isSleeping=false locusId=null displayAreaFeatureId=1 isTopActivityTransparent=false isActivityStackTransparent=false lastNonFullscreenBounds=null leafTaskBoundsFromOptions= false capturedLink=null capturedLinkTimestamp=0 requestedVisibleTypes=503 topActivityRequestOpenInBrowserEducationTimestamp=0 appCompatTaskInfo=AppCompatTaskInfo { topActivityInSizeCompat=false isLeafTask= true eligibleForLetterboxEducation= false isLetterboxEducationEnabled= false isLetterboxDoubleTapEnabled= false eligibleForUserAspectRatioButton= false topActivityBoundsLetterboxed= false isFromLetterboxDoubleTap= false topActivityLetterboxVerticalPosition= -1 topActivityLetterboxHorizontalPosition= -1 topActivityLetterboxWidth=-1 topActivityLetterboxHeight=-1 topActivityAppBounds=Rect(0, 0 - 1080, 2424) isUserFullscreenOverrideEnabled=false isSystemFullscreenOverrideEnabled=false hasMinAspectRatioOverride=false topActivityLetterboxBounds=null topNonResizableActivityAspectRatio=-1.0} topActivityMainWindowFrame=null isAppBubble=false}, pipChange = null, remoteTransitionInfo = RemoteTransitionInfo { remoteTransition = android.window.IRemoteTransition$Stub$Proxy@59a080b, debugName = QuickstepLaunch, filter = null }, displayChanges = null, requestedLocation = null, userChange = null, windowingLayerChange = null, fullscreenRequestChange = null, flags = 0, debugId = 10494 }
07-19 20:46:14.179  2726  2726 D StatsLog: LAUNCHER_HOTSEAT_RANKED
07-19 20:46:14.179  2368  2403 W DisconnectHandler: No disconnect change found in the transition, not handling request.
07-19 20:46:14.179  2368  2403 W DisconnectHandler: No disconnect change found in the transition, not handling request.
07-19 20:46:14.179  2726  2726 D RecentsView: onTaskDisplayChanged: 6041, new displayId = 0
07-19 20:46:14.179  2368  2403 V ShellDesktopMode: DesktopTasksController: skipping handleRequest reason=triggerTask's display doesn't support desktop mode
07-19 20:46:14.179  2726  2726 D BaseActivity: Launcher flags updated: [state_started|state_resumed|state_deferred_resumed|state_window_focused|state_user_active] -[]
07-19 20:46:14.179  2368  2403 D ShellSplitScreen: logExit: no-op, mLoggerSessionId is null
07-19 20:46:14.179  2368  2403 V WindowManagerShell: RemoteTransition directly requested for (#10494) android.os.BinderProxy@ee59bef: RemoteTransition { remoteTransition = android.window.IRemoteTransition$Stub$Proxy@59a080b, appThread = null, debugName = QuickstepLaunch, filter = null }
07-19 20:46:14.179  2368  2403 V WindowManagerShell: Transition (#10494): request handled by DefaultMixedHandler
07-19 20:46:14.179  2726  2726 D BaseActivity: Launcher flags updated: [state_started|state_resumed|state_deferred_resumed|state_window_focused] -[state_user_active]
07-19 20:46:14.179  2726  2726 D BaseActivity: Launcher flags updated: [state_started|state_window_focused] -[state_resumed|state_deferred_resumed]
07-19 20:46:14.179  2726  2726 W SplitSelectStateCtor: Missing session instanceIds
07-19 20:46:14.179  2726  2726 D StatsLog: LAUNCHER_SPLIT_SELECTION_EXIT_INTERRUPTED
07-19 20:46:14.179  2726  2825 D QuickstepModelDelegate: notifyAppTargetEvent action=1 launchLocation=all-apps
07-19 20:46:14.180  1735  2759 V WindowManager: Defer transition id=10494 for TaskFragmentTransaction=android.os.Binder@66eafe1
07-19 20:46:14.181  2368  2403 D WindowManagerShell: setLauncherKeepClearAreaHeight: visible=false, height=495
07-19 20:46:14.181  2368  2403 V RecentTasksController: Notify recent tasks changed
07-19 20:46:14.181  2726  2726 D RecentTasksList: invalidateLoadedTasks - previous requestLoadId: -1
07-19 20:46:14.181  2368  2403 D ShellDesktopMode: DesktopRepository(0): Removes freeform task: taskId=6040
07-19 20:46:14.181  2368  2403 W ShellDesktopMode: DesktopRepository(0): No display id found for task: taskId=6040
07-19 20:46:14.181  2368  2403 V RecentTasksController: Notify recent tasks changed
07-19 20:46:14.181  2726  2726 D RecentTasksList: invalidateLoadedTasks - previous requestLoadId: -1
07-19 20:46:14.182  1735  4288 V WindowManager: Continue transition id=10494 for TaskFragmentTransaction=android.os.Binder@66eafe1
07-19 20:46:14.186  1735  4288 W InputChannel-JNI: Channel already disposed.
07-19 20:46:14.187  2368  2427 D WindowOnBackDispatcher: setTopOnBackInvokedCallback (unwrapped): android.view.ViewRootImpl$$ExternalSyntheticLambda14@6ddea18
07-19 20:46:14.187  1735  2651 D WindowManager: setClientSurface Surface(name=VRI-Splash Screen org.qtproject.example.appBleacherStream#47884)/@0xf02c792 for d4cbdf4 Splash Screen org.qtproject.example.appBleacherStream
07-19 20:46:14.188  2368  2427 I Surface : Creating surface for consumer unnamed-2368-2780 with slotExpansion=1 for 64 slots
07-19 20:46:14.188  2368  2427 I Surface : Creating surface for consumer VRI[appBleacherStream]#2354(BLAST Consumer)2354 with slotExpansion=1 for 64 slots
07-19 20:46:14.188  1735  4288 D CoreBackPreview: Window{d4cbdf4 u0 Splash Screen org.qtproject.example.appBleacherStream}: Setting back callback OnBackInvokedCallbackInfo{mCallback=android.window.IOnBackInvokedCallback$Stub$Proxy@9e9a563, mPriority=0, mIsAnimationCallback=false, mOverrideBehavior=0}
07-19 20:46:14.190  1199  1199 D Zygote  : Forked child process 12820
07-19 20:46:14.190  1735  1840 I ActivityManager: Start proc 12820:org.qtproject.example.appBleacherStream/u0a461 for next-top-activity {org.qtproject.example.appBleacherStream/org.qtproject.qt.android.bindings.QtActivity}
07-19 20:46:14.195 12820 12820 I libprocessgroup: Created cgroup /sys/fs/cgroup/apps/uid_10461/pid_12820
07-19 20:46:14.197  1735  1810 V WindowManager: Sent Transition (#10494) createdAt=07-19 20:46:14.172 via request=TransitionRequestInfo { type = OPEN, triggerTask = TaskInfo{userId=0 taskId=6041 effectiveUid=10461 displayId=0 isRunning=true baseIntent=Intent { act=android.intent.action.MAIN cat=[android.intent.category.LAUNCHER] flg=0x10200000 cmp=org.qtproject.example.appBleacherStream/org.qtproject.qt.android.bindings.QtActivity } baseActivity=ComponentInfo{org.qtproject.example.appBleacherStream/org.qtproject.qt.android.bindings.QtActivity} topActivity=ComponentInfo{org.qtproject.example.appBleacherStream/org.qtproject.qt.android.bindings.QtActivity} origActivity=null realActivity=ComponentInfo{org.qtproject.example.appBleacherStream/org.qtproject.qt.android.bindings.QtActivity} realActivityIsAppLockEnabled=false numActivities=1 lastActiveTime=477647225 supportsMultiWindow=true supportsMultiWindowWithoutConstraints=true resizeMode=1 isResizeable=true minWidth=-1 minHeight=-1 defaultMinSize=220 token=WCT{RemoteToken{7a99ed5 Task{2665265 #6041 type=standard A=10461:org.qtproject.example.appBleacherStream}}} topActivityType=1 pictureInPictureParams=null shouldDockBigOverlays=false launchIntoPipHostTaskId=-1 lastParentTaskIdBeforePip=-1 displayCutoutSafeInsets=Rect(0, 152 - 0, 0) topActivityInfo=ActivityInfo{f5bb6ea org.qtproject.qt.android.bindings.QtActivity} launchCookies=[android.os.BinderProxy@96e078] positionInParent=Point(0, 0) parentTaskId=-1 isFocused=false isInteractive=false isVisible=false isVisibleRequested=false isTopActivityNoDisplay=false isSleeping=false locusId=null displayAreaFeatureId=1 isTopActivityTransparent=false isActivityStackTransparent=false lastNonFullscreenBounds=null leafTaskBoundsFromOptions= false capturedLink=null capturedLinkTimestamp=0 requestedVisibleTypes=503 topActivityRequestOpenInBrowserEducationTimestamp=0 appCompatTaskInfo=AppCompatTaskInfo { topActivityInSizeCompat=false isLeafTask= true eligibleForLetterboxEducation= false isLetterboxEducationEnabled= false isLetterboxDoubleTapEnabled= false eligibleForUserAspectRatioButton= false topActivityBoundsLetterboxed= false isFromLetterboxDoubleTap= false topActivityLetterboxVerticalPosition= -1 topActivityLetterboxHorizontalPosition= -1 topActivityLetterboxWidth=-1 topActivityLetterboxHeight=-1 topActivityAppBounds=Rect(0, 0 - 1080, 2424) isUserFullscreenOverrideEnabled=false isSystemFullscreenOverrideEnabled=false hasMinAspectRatioOverride=false topActivityLetterboxBounds=null topNonResizableActivityAspectRatio=-1.0} topActivityMainWindowFrame=null isAppBubble=false}, pipChange = null, remoteTransitionInfo = RemoteTransitionInfo { remoteTransition = android.window.IRemoteTransition$Stub$Proxy@b657b6, debugName = QuickstepLaunch, filter = null }, displayChanges = null, requestedLocation = null, userChange = null, windowingLayerChange = null, fullscreenRequestChange = null, flags = 0, debugId = 10494 }
07-19 20:46:14.197  1735  1810 V WindowManager:     startWCT=WindowContainerTransaction { changes= {} hops= [] flags= 0 errorCallbackToken=null taskFragmentOrganizer=null }
07-19 20:46:14.197  1735  1810 V WindowManager:     info={id=10494 t=OPEN f=0x0 trk=0 r=[0@Point(0, 0)] c=[
07-19 20:46:14.197  1735  1810 V WindowManager:         {WCT{RemoteToken{7a99ed5 Task{2665265 #6041 type=standard A=10461:org.qtproject.example.appBleacherStream}}} m=OPEN f=MOVE_TO_TOP|FLAG_CHANGED_INTERACTIVE leash=Surface(name=Task=6041#47881)/@0xd47a19 sb=Rect(0, 0 - 1080, 2424) eb=Rect(0, 0 - 1080, 2424) epz=Point(1080, 2424) d=0 taskParent=-1 winMode=1 userId=0},
07-19 20:46:14.197  1735  1810 V WindowManager:         {WCT{RemoteToken{ea9d3b0 Task{3145b97 #1 type=home}}} m=TO_BACK f=SHOW_WALLPAPER|FLAG_CHANGED_INTERACTIVE leash=Surface(name=Task=1#35)/@0xbf875f1 sb=Rect(0, 0 - 1080, 2424) eb=Rect(0, 0 - 1080, 2424) epz=Point(1080, 2424) d=0 taskParent=-1 winMode=1 userId=0},
07-19 20:46:14.197  1735  1810 V WindowManager:         {m=TO_BACK f=IS_WALLPAPER leash=Surface(name=WallpaperWindowToken{9c0b023}#40)/@0x5ccac19 sb=Rect(0, 0 - 1080, 2424) eb=Rect(0, 0 - 1080, 2424) epz=Point(1080, 2424) d=0}
07-19 20:46:14.197  1735  1810 V WindowManager:     ]}
07-19 20:46:14.198  2368  2661 V WindowManagerShell: onTransitionReady(transaction=7451768921447)
07-19 20:46:14.198  2368  2403 V WindowManagerShell: onTransitionReady (#10494) android.os.BinderProxy@ee59bef: {id=10494 t=OPEN f=0x0 trk=0 r=[0@Point(0, 0)] c=[
07-19 20:46:14.198  2368  2403 V WindowManagerShell:         {m=OPEN f=MOVE_TO_TOP|FLAG_CHANGED_INTERACTIVE leash=Surface(name=Task=6041#47881)/@0xcc6f8a9 sb=Rect(0, 0 - 1080, 2424) eb=Rect(0, 0 - 1080, 2424) epz=Point(1080, 2424) d=0 taskParent=-1 winMode=1 userId=0},
07-19 20:46:14.198  2368  2403 V WindowManagerShell:         {m=TO_BACK f=SHOW_WALLPAPER|FLAG_CHANGED_INTERACTIVE leash=Surface(name=Task=1#35)/@0xc318e2e sb=Rect(0, 0 - 1080, 2424) eb=Rect(0, 0 - 1080, 2424) epz=Point(1080, 2424) d=0 taskParent=-1 winMode=1 userId=0},
07-19 20:46:14.198  2368  2403 V WindowManagerShell:         {m=TO_BACK f=IS_WALLPAPER leash=Surface(name=WallpaperWindowToken{9c0b023}#40)/@0xfffbdcf sb=Rect(0, 0 - 1080, 2424) eb=Rect(0, 0 - 1080, 2424) epz=Point(1080, 2424) d=0}
07-19 20:46:14.198  2368  2403 V WindowManagerShell:     ]}
07-19 20:46:14.198  2368  2403 V WindowManagerShell: FocusTransitionObserver: Updating focus state for transition #10494
07-19 20:46:14.198  2368  2403 D WindowManagerShell: FocusTransitionObserver: Task id=1 is already focused on displayId=0. Skip notifying.
07-19 20:46:14.198  2368  2403 D WindowManagerShell: FocusTransitionObserver: Focus updated on displayId=0 to taskId=6041
07-19 20:46:14.198  2368  2403 V WindowManagerShell: FocusTransitionObserver: Notifying local listeners of task focus change: taskId=1, isFocusedOnDisplay=false, isFocusedGlobally=false
07-19 20:46:14.198  2368  2403 V WindowManagerShell: FocusTransitionObserver: Notifying local listeners of task focus change: taskId=6041, isFocusedOnDisplay=true, isFocusedGlobally=true
07-19 20:46:14.198  2368  2403 V ShellDesktopMode: DesktopModeLogger: taskInfo map after processing changes 0
07-19 20:46:14.198  2368  2403 D ShellDesktopMode: DesktopTaskChangeListener: onTaskMovingToBack for taskId=1, displayId=0 - desktop not supported
07-19 20:46:14.198  2368  2403 D ShellDesktopMode: DesktopTaskChangeListener: onTaskOpening for taskId=6041, displayId=0 userId=0 currentUserId=0 parentTaskId=-1 isFreeform=false isActive=false isMinimized=false isPinned=false
07-19 20:46:14.198  2368  2403 D ShellDesktopMode: DesktopTaskChangeListener: onTaskOpening for taskId=6041, displayId=0 - desktop not supported
07-19 20:46:14.198  2368  2403 V WindowManagerShell: Playing animation for (#10494) android.os.BinderProxy@ee59bef@0
07-19 20:46:14.198  2368  2403 V WindowManagerShell:  try firstHandler com.android.wm.shell.transition.DefaultMixedHandler@b29b128
07-19 20:46:14.199  2368  2403 V WindowManagerShell: Mixed transition for opening an intent with a remote transition and PIP or Desktop #10494
07-19 20:46:14.199  2368  2403 V WindowManagerShell: tryAnimateOpenIntentWithRemoteAndPipOrDesktop
07-19 20:46:14.199  2368  2403 V WindowManagerShell:  Delegate animation for (#10494) to RemoteTransition { remoteTransition = android.window.IRemoteTransition$Stub$Proxy@59a080b, appThread = null, debugName = QuickstepLaunch, filter = null }
07-19 20:46:14.199  2368  2403 V WindowManagerShell:  animated by firstHandler
07-19 20:46:14.199  2368  2403 V ShellTaskOrganizer: Task appeared taskId=6041 listener=FullscreenTaskListener
07-19 20:46:14.200  2368  2403 V ShellTaskOrganizer: Fullscreen Task Appeared: #6041
07-19 20:46:14.200  2368  2403 D ShellPackageUpdate: PackageUpdateController: Setting handlePackageUpdate for task: 6041
07-19 20:46:14.200 12820 12820 I Zygote  : Process 12820 created for org.qtproject.example.appBleacherStream
07-19 20:46:14.200 12820 12820 I pBleacherStream: Late-enabling -Xcheck:jni
07-19 20:46:14.200  1735  4396 E TransitionChain: Can't collect into a chain with no transition
07-19 20:46:14.200  2368  2403 V RecentTasksController: Notify recent tasks changed
07-19 20:46:14.201  2726  2726 D LauncherStateManager: StateManager.cancelAnimation: animation ongoing: false, partial trace:
07-19 20:46:14.201  2726  2726 D LauncherStateManager: 	at com.android.launcher3.statemanager.StateManager.setCurrentAnimation(go/retraceme 8bcbbc35bb13161dedaa519f339f298517b051dcbf8e2046701ae935fa579434:59)
07-19 20:46:14.201  2726  2726 D LauncherStateManager: 	at com.android.launcher3.QuickstepTransitionManager$AppLaunchAnimationRunner.onAnimationStart(go/retraceme 8bcbbc35bb13161dedaa519f339f298517b051dcbf8e2046701ae935fa579434:433)
07-19 20:46:14.201  2726  2726 D LauncherStateManager: 	at com.android.launcher3.LauncherAnimationRunner$$ExternalSyntheticLambda2.run(go/retraceme 8bcbbc35bb13161dedaa519f339f298517b051dcbf8e2046701ae935fa579434:71)
07-19 20:46:14.202  2726  2726 D RecentTasksList: invalidateLoadedTasks - previous requestLoadId: -1
07-19 20:46:14.202  2726  2726 D BaseActivity: Launcher flags updated: [state_started] -[state_window_focused]
07-19 20:46:14.211 12820 12820 I pBleacherStream: Using generational CollectorTypeCMC GC.
07-19 20:46:14.215  1604  1649 I adbd    : jdwp connection from 12820
07-19 20:46:14.216 12820 12820 D nativeloader: Load libframework-connectivity-tiramisu-jni.so using APEX ns com_android_tethering for caller /apex/com.android.tethering/javalib/framework-connectivity-t.jar: ok
07-19 20:46:14.225  2726  2765 W System  : A resource failed to call release. 
07-19 20:46:14.225  2726  2765 W System  : A resource failed to call release. 
07-19 20:46:14.225  2726  2765 W System  : A resource failed to call release. 
07-19 20:46:14.226  2532 20470 D UidImportanceSource: onUidImportanceBlock: uid=10461 importance=100
07-19 20:46:14.227  2532 20470 D UidImportanceSource: onUidImportanceBlock: packages=[org.qtproject.example.appBleacherStream] importance=100
07-19 20:46:14.227  2532 20470 D UidImportanceSource: onUidImportanceBlock: packageName=org.qtproject.example.appBleacherStream importance=100
07-19 20:46:14.227  2532  2773 D ImpulseStateSource: Notify clients: 32436
07-19 20:46:14.231 17482 17482 I pixel-thermal: VIRTUAL-SKIN-SPEAKER-MODEL: model_input: [30526.00 31060.00 30370.00 30859.00 31282.00 31661.00 31149.00 30370.00 8.52 ]
07-19 20:46:14.231 17482 17482 I native  : I0000 00:00:1784508374.231788   17482 thermal_tflite_wrapper.cc:270] ThermalTfliteInvoke
07-19 20:46:14.231 17482 17482 I pixel-thermal: VIRTUAL-SKIN-SPEAKER-MODEL: model_output: [28925.4 ]
07-19 20:46:14.231 17482 17482 I pixel-thermal: VIRTUAL-SKIN-SPEAKER-MODEL: predicted_value: [28925.4 ]
07-19 20:46:14.232 17482 17482 I pixel-thermal: VIRTUAL-SKIN:31.8238 raw data: VIRTUAL-SKIN:31823.8 VIRTUAL-SKIN-LEGACY:32935.3 VIRTUAL-SKIN-LEGACY-MODEL-DIFF:1059.88 VIRTUAL-SKIN-LEGACY-SHUTDOWN:0 VIRTUAL-SKIN-MODEL:31875.5 VIRTUAL-SKIN-MODEL-CLAMPED:31875.5 VIRTUAL-SKIN-MODEL-LEGACY-DIFF:-1059.88 VIRTUAL-SKIN-MODEL-UPDATED:31823.8 VIRTUAL-SKIN-MODEL-UPPER-CLAMPED:31875.5 VIRTUAL-SKIN-SPEAKER:29007.8 VIRTUAL-SKIN-SPEAKER-MODEL:28925.4 VIRTUAL-SKIN-SUB-0:32935.3 VIRTUAL-SKIN-SUB-1:30667.6 VSYS_PWR_TSPKR:8.5197 VSYS_PWR_TSPKR_90S:8.5197 VT_LEGACY_WEIGHT:0 VT_MODEL_WEIGHT:1 charging_therm:31060 disp_therm:30370 flash_therm:30859 north_therm:31282 quiet_therm:30526 rfpa_therm:31661 soc_therm:31149 usb_pwr_therm:30370 
07-19 20:46:14.251 12820 12820 D nativeloader: Configuring clns-9 for other apk /data/app/~~TkUVk51Z4k30aYjbbT1AoQ==/org.qtproject.example.appBleacherStream-5bOZSMkXUuNweyv0z0YWDg==/base.apk. target_sdk_version=36, uses_libraries=, library_path=/data/app/~~TkUVk51Z4k30aYjbbT1AoQ==/org.qtproject.example.appBleacherStream-5bOZSMkXUuNweyv0z0YWDg==/lib/arm64:/data/app/~~TkUVk51Z4k30aYjbbT1AoQ==/org.qtproject.example.appBleacherStream-5bOZSMkXUuNweyv0z0YWDg==/base.apk!/lib/arm64-v8a, permitted_path=/data:/mnt/expand:/data/user/0/org.qtproject.example.appBleacherStream
07-19 20:46:14.255 12820 12820 V GraphicsEnvironment: Currently set values for:
07-19 20:46:14.255 12820 12820 V GraphicsEnvironment:   angle_gl_driver_selection_pkgs=[com.android.angle]
07-19 20:46:14.255 12820 12820 V GraphicsEnvironment:   angle_gl_driver_selection_values=[angle]
07-19 20:46:14.255 12820 12820 V GraphicsEnvironment: org.qtproject.example.appBleacherStream is not listed in per-application setting
07-19 20:46:14.256 12820 12820 V GraphicsEnvironment: No special selections for ANGLE, returning default driver choice
07-19 20:46:14.256 12820 12820 V GraphicsEnvironment: Neither updatable production driver nor prerelease driver is supported.
07-19 20:46:14.262  1735  4727 D CorePackageUpdate: Couldn't find a persistent state for task= 6041
07-19 20:46:14.262  1735  4727 I AppsFilter: interaction: PackageSetting{fe6860a org.qtproject.example.appBleacherStream/10461} -> PackageSetting{7fed2a4 com.google.android.apps.nexuslauncher/10258} BLOCKED
07-19 20:46:14.264 17482 17482 I pixel-thermal: VIRTUAL-USB-UI:0 raw data: USB-MINUS-CHARGER:-690 VIRTUAL-USB-UI:0 charging_therm:31060 usb_pwr_therm:30370 
07-19 20:46:14.264 17482 17482 I pixel-thermal: VIRTUAL-USB-THROTTLING:0 raw data: USB-MINUS-CHARGER:-690 VIRTUAL-USB-THROTTLING:0 usb_pwr_therm:30370 
07-19 20:46:14.264 17482 17482 I pixel-thermal: VIRTUAL-SKIN-CHARGE-WIRED:30.7639 raw data: NO_WLC:1 VIRTUAL-SKIN-CHARGE:30763.9 VIRTUAL-SKIN-CHARGE-SUB-0:30763.9 VIRTUAL-SKIN-CHARGE-SUB-1:30721 VIRTUAL-SKIN-CHARGE-SUB-2:30718.2 VIRTUAL-SKIN-CHARGE-WIRED:30763.9 WLC_CHECK:1 charging_therm:31060 disp_therm:30370 flash_therm:30859 north_therm:31282 quiet_therm:30526 rfpa_therm:31661 soc_therm:31149 thb_hda:0 usb_pwr_therm:30370 
07-19 20:46:14.264 17482 17482 I pixel-thermal: quiet_therm:30.526 raw data: quiet_therm:30526 
07-19 20:46:14.264 17482 17482 I pixel-thermal: usb_pwr_therm:30.37 raw data: usb_pwr_therm:30370 
07-19 20:46:14.264 17482 17482 I pixel-thermal: cellular-emergency:31.8238 raw data: VIRTUAL-SKIN:31823.8 cellular-emergency:31823.8 
07-19 20:46:14.264 17482 17482 I pixel-thermal: VIRTUAL-SKIN-SPEAKER:29.0078 raw data: VIRTUAL-SKIN-SPEAKER:29007.8 
07-19 20:46:14.264 17482 17482 I pixel-thermal: VIRTUAL-SKIN:31.8238 raw data: VIRTUAL-SKIN:31823.8 
07-19 20:46:14.264 17482 17482 I pixel-thermal: north_therm:31.282 raw data: north_therm:31282 
07-19 20:46:14.265 17482 17482 I pixel-thermal: rfpa_therm:31.661 raw data: rfpa_therm:31661 
07-19 20:46:14.265 17482 17482 I pixel-thermal: charging_therm:31.06 raw data: charging_therm:31060 
07-19 20:46:14.265 17482 17482 I pixel-thermal: disp_therm:30.37 raw data: disp_therm:30370 
07-19 20:46:14.265 17482 17482 I pixel-thermal: VIRTUAL-SKIN-CHARGE-PERSIST:31.4636 raw data: VIRTUAL-SKIN-CHARGE-PERSIST:31463.6 VIRTUAL-SKIN-CHARGE-WLC:31463.6 
07-19 20:46:14.265 17482 17482 I pixel-thermal: soc_therm:31.149 raw data: soc_therm:31149 
07-19 20:46:14.265 17482 17482 I pixel-thermal: flash_therm:30.859 raw data: flash_therm:30859 
07-19 20:46:14.267 12820 12835 I DisplayManager: Choreographer implicitly registered for the refresh rate.
07-19 20:46:14.268 12820 12835 D vulkan  : searching for layers in '/data/app/~~TkUVk51Z4k30aYjbbT1AoQ==/org.qtproject.example.appBleacherStream-5bOZSMkXUuNweyv0z0YWDg==/lib/arm64'
07-19 20:46:14.269 12820 12835 D vulkan  : searching for layers in '/data/app/~~TkUVk51Z4k30aYjbbT1AoQ==/org.qtproject.example.appBleacherStream-5bOZSMkXUuNweyv0z0YWDg==/base.apk!/lib/arm64-v8a'
07-19 20:46:14.280  2368  2403 V RecentTasksController: Notify recent tasks changed
07-19 20:46:14.280  2726  2726 D RecentTasksList: invalidateLoadedTasks - previous requestLoadId: -1
07-19 20:46:14.281  2368  2403 V RecentTasksController: generateList(getRecentTasks)
07-19 20:46:14.281  2368  2403 V RecentTasksController: initializeDesksMap - allDeskIds: []
07-19 20:46:14.281  2368  2403 V RecentTasksController: Task 6041 is not an active desktop task
07-19 20:46:14.281  2368  2403 V RecentTasksController: Added fullscreen task: 6041
07-19 20:46:14.281  2368  2403 V RecentTasksController: Task 6034 is not an active desktop task
07-19 20:46:14.281  2368  2403 V RecentTasksController: Added fullscreen task: 6034
07-19 20:46:14.281  2368  2403 V RecentTasksController: Task 6033 is not an active desktop task
07-19 20:46:14.281  2368  2403 V RecentTasksController: Added fullscreen task: 6033
07-19 20:46:14.281  2368  2403 V RecentTasksController: generateList - complete
07-19 20:46:14.281  2726  2823 D PreloadThumbnailUseCase: Preloading thumbnails for task ids: [[id=6033 windowingMode=1 user=0 lastActiveTime=477193881] null, [id=6034 windowingMode=1 user=0 lastActiveTime=477208767] null, [id=6041 windowingMode=1 user=0 lastActiveTime=477647310] null]
07-19 20:46:14.306 12820 12820 W QtLoader: Null extras from the Activity's intent.
07-19 20:46:14.309 12820 12842 D nativeloader: Load /data/app/~~TkUVk51Z4k30aYjbbT1AoQ==/org.qtproject.example.appBleacherStream-5bOZSMkXUuNweyv0z0YWDg==/lib/arm64/libc++_shared.so using class loader ns clns-9 (caller=/data/app/~~TkUVk51Z4k30aYjbbT1AoQ==/org.qtproject.example.appBleacherStream-5bOZSMkXUuNweyv0z0YWDg==/base.apk): ok
07-19 20:46:14.310 12820 12842 D nativeloader: Load /data/app/~~TkUVk51Z4k30aYjbbT1AoQ==/org.qtproject.example.appBleacherStream-5bOZSMkXUuNweyv0z0YWDg==/lib/arm64/libQt6Core_arm64-v8a.so using class loader ns clns-9 (caller=/data/app/~~TkUVk51Z4k30aYjbbT1AoQ==/org.qtproject.example.appBleacherStream-5bOZSMkXUuNweyv0z0YWDg==/base.apk): ok
07-19 20:46:14.310 12820 12842 I QtCore  : Start
07-19 20:46:14.312 12820 12842 D nativeloader: Load /data/app/~~TkUVk51Z4k30aYjbbT1AoQ==/org.qtproject.example.appBleacherStream-5bOZSMkXUuNweyv0z0YWDg==/lib/arm64/libQt6Gui_arm64-v8a.so using class loader ns clns-9 (caller=/data/app/~~TkUVk51Z4k30aYjbbT1AoQ==/org.qtproject.example.appBleacherStream-5bOZSMkXUuNweyv0z0YWDg==/base.apk): ok
07-19 20:46:14.312 12820 12842 D nativeloader: Load /data/app/~~TkUVk51Z4k30aYjbbT1AoQ==/org.qtproject.example.appBleacherStream-5bOZSMkXUuNweyv0z0YWDg==/lib/arm64/libQt6Network_arm64-v8a.so using class loader ns clns-9 (caller=/data/app/~~TkUVk51Z4k30aYjbbT1AoQ==/org.qtproject.example.appBleacherStream-5bOZSMkXUuNweyv0z0YWDg==/base.apk): ok
07-19 20:46:14.313 12820 12842 D nativeloader: Load /data/app/~~TkUVk51Z4k30aYjbbT1AoQ==/org.qtproject.example.appBleacherStream-5bOZSMkXUuNweyv0z0YWDg==/lib/arm64/libQt6OpenGL_arm64-v8a.so using class loader ns clns-9 (caller=/data/app/~~TkUVk51Z4k30aYjbbT1AoQ==/org.qtproject.example.appBleacherStream-5bOZSMkXUuNweyv0z0YWDg==/base.apk): ok
07-19 20:46:14.314 12820 12842 D nativeloader: Load /data/app/~~TkUVk51Z4k30aYjbbT1AoQ==/org.qtproject.example.appBleacherStream-5bOZSMkXUuNweyv0z0YWDg==/lib/arm64/libQt6Qml_arm64-v8a.so using class loader ns clns-9 (caller=/data/app/~~TkUVk51Z4k30aYjbbT1AoQ==/org.qtproject.example.appBleacherStream-5bOZSMkXUuNweyv0z0YWDg==/base.apk): ok
07-19 20:46:14.314 12820 12842 D nativeloader: Load /data/app/~~TkUVk51Z4k30aYjbbT1AoQ==/org.qtproject.example.appBleacherStream-5bOZSMkXUuNweyv0z0YWDg==/lib/arm64/libQt6QmlModels_arm64-v8a.so using class loader ns clns-9 (caller=/data/app/~~TkUVk51Z4k30aYjbbT1AoQ==/org.qtproject.example.appBleacherStream-5bOZSMkXUuNweyv0z0YWDg==/base.apk): ok
07-19 20:46:14.315 12820 12842 D nativeloader: Load /data/app/~~TkUVk51Z4k30aYjbbT1AoQ==/org.qtproject.example.appBleacherStream-5bOZSMkXUuNweyv0z0YWDg==/lib/arm64/libQt6QmlWorkerScript_arm64-v8a.so using class loader ns clns-9 (caller=/data/app/~~TkUVk51Z4k30aYjbbT1AoQ==/org.qtproject.example.appBleacherStream-5bOZSMkXUuNweyv0z0YWDg==/base.apk): ok
07-19 20:46:14.315 12820 12842 D nativeloader: Load /data/app/~~TkUVk51Z4k30aYjbbT1AoQ==/org.qtproject.example.appBleacherStream-5bOZSMkXUuNweyv0z0YWDg==/lib/arm64/libQt6QmlMeta_arm64-v8a.so using class loader ns clns-9 (caller=/data/app/~~TkUVk51Z4k30aYjbbT1AoQ==/org.qtproject.example.appBleacherStream-5bOZSMkXUuNweyv0z0YWDg==/base.apk): ok
07-19 20:46:14.314  1569  1569 W TracingMuxer: type=1400 audit(0.0:479451): avc:  denied  { write } for  name="traced_producer" dev="tmpfs" ino=1352 scontext=u:r:gxp_logging:s0 tcontext=u:object_r:traced_producer_socket:s0 tclass=sock_file permissive=0
07-19 20:46:14.318 12820 12842 D nativeloader: Load /data/app/~~TkUVk51Z4k30aYjbbT1AoQ==/org.qtproject.example.appBleacherStream-5bOZSMkXUuNweyv0z0YWDg==/lib/arm64/libQt6Quick_arm64-v8a.so using class loader ns clns-9 (caller=/data/app/~~TkUVk51Z4k30aYjbbT1AoQ==/org.qtproject.example.appBleacherStream-5bOZSMkXUuNweyv0z0YWDg==/base.apk): ok
07-19 20:46:14.319 12820 12842 D nativeloader: Load /data/app/~~TkUVk51Z4k30aYjbbT1AoQ==/org.qtproject.example.appBleacherStream-5bOZSMkXUuNweyv0z0YWDg==/lib/arm64/libQt6WebSockets_arm64-v8a.so using class loader ns clns-9 (caller=/data/app/~~TkUVk51Z4k30aYjbbT1AoQ==/org.qtproject.example.appBleacherStream-5bOZSMkXUuNweyv0z0YWDg==/base.apk): ok
07-19 20:46:14.320 12820 12842 D nativeloader: Load /data/app/~~TkUVk51Z4k30aYjbbT1AoQ==/org.qtproject.example.appBleacherStream-5bOZSMkXUuNweyv0z0YWDg==/lib/arm64/libQt6Quick3DUtils_arm64-v8a.so using class loader ns clns-9 (caller=/data/app/~~TkUVk51Z4k30aYjbbT1AoQ==/org.qtproject.example.appBleacherStream-5bOZSMkXUuNweyv0z0YWDg==/base.apk): ok
07-19 20:46:14.320 12820 12842 D nativeloader: Load /data/app/~~TkUVk51Z4k30aYjbbT1AoQ==/org.qtproject.example.appBleacherStream-5bOZSMkXUuNweyv0z0YWDg==/lib/arm64/libQt6Svg_arm64-v8a.so using class loader ns clns-9 (caller=/data/app/~~TkUVk51Z4k30aYjbbT1AoQ==/org.qtproject.example.appBleacherStream-5bOZSMkXUuNweyv0z0YWDg==/base.apk): ok
07-19 20:46:14.321 12820 12842 D nativeloader: Load /data/app/~~TkUVk51Z4k30aYjbbT1AoQ==/org.qtproject.example.appBleacherStream-5bOZSMkXUuNweyv0z0YWDg==/lib/arm64/libQt6QuickTemplates2_arm64-v8a.so using class loader ns clns-9 (caller=/data/app/~~TkUVk51Z4k30aYjbbT1AoQ==/org.qtproject.example.appBleacherStream-5bOZSMkXUuNweyv0z0YWDg==/base.apk): ok
07-19 20:46:14.322 12820 12842 D nativeloader: Load /data/app/~~TkUVk51Z4k30aYjbbT1AoQ==/org.qtproject.example.appBleacherStream-5bOZSMkXUuNweyv0z0YWDg==/lib/arm64/libQt6QuickControls2Impl_arm64-v8a.so using class loader ns clns-9 (caller=/data/app/~~TkUVk51Z4k30aYjbbT1AoQ==/org.qtproject.example.appBleacherStream-5bOZSMkXUuNweyv0z0YWDg==/base.apk): ok
07-19 20:46:14.322 12820 12842 D nativeloader: Load /data/app/~~TkUVk51Z4k30aYjbbT1AoQ==/org.qtproject.example.appBleacherStream-5bOZSMkXUuNweyv0z0YWDg==/lib/arm64/libQt6QuickControls2_arm64-v8a.so using class loader ns clns-9 (caller=/data/app/~~TkUVk51Z4k30aYjbbT1AoQ==/org.qtproject.example.appBleacherStream-5bOZSMkXUuNweyv0z0YWDg==/base.apk): ok
07-19 20:46:14.322 12820 12842 D nativeloader: Load /data/app/~~TkUVk51Z4k30aYjbbT1AoQ==/org.qtproject.example.appBleacherStream-5bOZSMkXUuNweyv0z0YWDg==/lib/arm64/libQt6QuickControls2BasicStyleImpl_arm64-v8a.so using class loader ns clns-9 (caller=/data/app/~~TkUVk51Z4k30aYjbbT1AoQ==/org.qtproject.example.appBleacherStream-5bOZSMkXUuNweyv0z0YWDg==/base.apk): ok
07-19 20:46:14.323 12820 12842 D nativeloader: Load /data/app/~~TkUVk51Z4k30aYjbbT1AoQ==/org.qtproject.example.appBleacherStream-5bOZSMkXUuNweyv0z0YWDg==/lib/arm64/libQt6QuickControls2Basic_arm64-v8a.so using class loader ns clns-9 (caller=/data/app/~~TkUVk51Z4k30aYjbbT1AoQ==/org.qtproject.example.appBleacherStream-5bOZSMkXUuNweyv0z0YWDg==/base.apk): ok
07-19 20:46:14.323 12820 12842 D nativeloader: Load /data/app/~~TkUVk51Z4k30aYjbbT1AoQ==/org.qtproject.example.appBleacherStream-5bOZSMkXUuNweyv0z0YWDg==/lib/arm64/libQt6QuickControls2FusionStyleImpl_arm64-v8a.so using class loader ns clns-9 (caller=/data/app/~~TkUVk51Z4k30aYjbbT1AoQ==/org.qtproject.example.appBleacherStream-5bOZSMkXUuNweyv0z0YWDg==/base.apk): ok
07-19 20:46:14.323 12820 12842 D nativeloader: Load /data/app/~~TkUVk51Z4k30aYjbbT1AoQ==/org.qtproject.example.appBleacherStream-5bOZSMkXUuNweyv0z0YWDg==/lib/arm64/libQt6QuickControls2Fusion_arm64-v8a.so using class loader ns clns-9 (caller=/data/app/~~TkUVk51Z4k30aYjbbT1AoQ==/org.qtproject.example.appBleacherStream-5bOZSMkXUuNweyv0z0YWDg==/base.apk): ok
07-19 20:46:14.324 12820 12842 D nativeloader: Load /data/app/~~TkUVk51Z4k30aYjbbT1AoQ==/org.qtproject.example.appBleacherStream-5bOZSMkXUuNweyv0z0YWDg==/lib/arm64/libQt6QuickControls2ImagineStyleImpl_arm64-v8a.so using class loader ns clns-9 (caller=/data/app/~~TkUVk51Z4k30aYjbbT1AoQ==/org.qtproject.example.appBleacherStream-5bOZSMkXUuNweyv0z0YWDg==/base.apk): ok
07-19 20:46:14.324 12820 12842 D nativeloader: Load /data/app/~~TkUVk51Z4k30aYjbbT1AoQ==/org.qtproject.example.appBleacherStream-5bOZSMkXUuNweyv0z0YWDg==/lib/arm64/libQt6QuickControls2Imagine_arm64-v8a.so using class loader ns clns-9 (caller=/data/app/~~TkUVk51Z4k30aYjbbT1AoQ==/org.qtproject.example.appBleacherStream-5bOZSMkXUuNweyv0z0YWDg==/base.apk): ok
07-19 20:46:14.325 12820 12842 D nativeloader: Load /data/app/~~TkUVk51Z4k30aYjbbT1AoQ==/org.qtproject.example.appBleacherStream-5bOZSMkXUuNweyv0z0YWDg==/lib/arm64/libQt6QuickControls2MaterialStyleImpl_arm64-v8a.so using class loader ns clns-9 (caller=/data/app/~~TkUVk51Z4k30aYjbbT1AoQ==/org.qtproject.example.appBleacherStream-5bOZSMkXUuNweyv0z0YWDg==/base.apk): ok
07-19 20:46:14.325 12820 12842 D nativeloader: Load /data/app/~~TkUVk51Z4k30aYjbbT1AoQ==/org.qtproject.example.appBleacherStream-5bOZSMkXUuNweyv0z0YWDg==/lib/arm64/libQt6QuickControls2Material_arm64-v8a.so using class loader ns clns-9 (caller=/data/app/~~TkUVk51Z4k30aYjbbT1AoQ==/org.qtproject.example.appBleacherStream-5bOZSMkXUuNweyv0z0YWDg==/base.apk): ok
07-19 20:46:14.326 12820 12842 D nativeloader: Load /data/app/~~TkUVk51Z4k30aYjbbT1AoQ==/org.qtproject.example.appBleacherStream-5bOZSMkXUuNweyv0z0YWDg==/lib/arm64/libQt6QuickControls2UniversalStyleImpl_arm64-v8a.so using class loader ns clns-9 (caller=/data/app/~~TkUVk51Z4k30aYjbbT1AoQ==/org.qtproject.example.appBleacherStream-5bOZSMkXUuNweyv0z0YWDg==/base.apk): ok
07-19 20:46:14.326 12820 12842 D nativeloader: Load /data/app/~~TkUVk51Z4k30aYjbbT1AoQ==/org.qtproject.example.appBleacherStream-5bOZSMkXUuNweyv0z0YWDg==/lib/arm64/libQt6QuickControls2Universal_arm64-v8a.so using class loader ns clns-9 (caller=/data/app/~~TkUVk51Z4k30aYjbbT1AoQ==/org.qtproject.example.appBleacherStream-5bOZSMkXUuNweyv0z0YWDg==/base.apk): ok
07-19 20:46:14.326 12820 12842 D nativeloader: Load /data/app/~~TkUVk51Z4k30aYjbbT1AoQ==/org.qtproject.example.appBleacherStream-5bOZSMkXUuNweyv0z0YWDg==/lib/arm64/libQt6QuickControls2FluentWinUI3StyleImpl_arm64-v8a.so using class loader ns clns-9 (caller=/data/app/~~TkUVk51Z4k30aYjbbT1AoQ==/org.qtproject.example.appBleacherStream-5bOZSMkXUuNweyv0z0YWDg==/base.apk): ok
07-19 20:46:14.327 12820 12842 D nativeloader: Load /data/app/~~TkUVk51Z4k30aYjbbT1AoQ==/org.qtproject.example.appBleacherStream-5bOZSMkXUuNweyv0z0YWDg==/lib/arm64/libQt6QuickEffects_arm64-v8a.so using class loader ns clns-9 (caller=/data/app/~~TkUVk51Z4k30aYjbbT1AoQ==/org.qtproject.example.appBleacherStream-5bOZSMkXUuNweyv0z0YWDg==/base.apk): ok
07-19 20:46:14.327 12820 12842 D nativeloader: Load /data/app/~~TkUVk51Z4k30aYjbbT1AoQ==/org.qtproject.example.appBleacherStream-5bOZSMkXUuNweyv0z0YWDg==/lib/arm64/libQt6QuickLayouts_arm64-v8a.so using class loader ns clns-9 (caller=/data/app/~~TkUVk51Z4k30aYjbbT1AoQ==/org.qtproject.example.appBleacherStream-5bOZSMkXUuNweyv0z0YWDg==/base.apk): ok
07-19 20:46:14.327 12820 12842 D nativeloader: Load /data/app/~~TkUVk51Z4k30aYjbbT1AoQ==/org.qtproject.example.appBleacherStream-5bOZSMkXUuNweyv0z0YWDg==/lib/arm64/libQt6QuickShapes_arm64-v8a.so using class loader ns clns-9 (caller=/data/app/~~TkUVk51Z4k30aYjbbT1AoQ==/org.qtproject.example.appBleacherStream-5bOZSMkXUuNweyv0z0YWDg==/base.apk): ok
07-19 20:46:14.328 12820 12842 D nativeloader: Load /data/app/~~TkUVk51Z4k30aYjbbT1AoQ==/org.qtproject.example.appBleacherStream-5bOZSMkXUuNweyv0z0YWDg==/lib/arm64/libplugins_platforms_qtforandroid_arm64-v8a.so using class loader ns clns-9 (caller=/data/app/~~TkUVk51Z4k30aYjbbT1AoQ==/org.qtproject.example.appBleacherStream-5bOZSMkXUuNweyv0z0YWDg==/base.apk): ok
07-19 20:46:14.329 12820 12842 I Qt      : Qt platform plugin started
07-19 20:46:14.329 12820 12842 D nativeloader: Load /data/app/~~TkUVk51Z4k30aYjbbT1AoQ==/org.qtproject.example.appBleacherStream-5bOZSMkXUuNweyv0z0YWDg==/lib/arm64/libappBleacherStream_arm64-v8a.so using class loader ns clns-9 (caller=/data/app/~~TkUVk51Z4k30aYjbbT1AoQ==/org.qtproject.example.appBleacherStream-5bOZSMkXUuNweyv0z0YWDg==/base.apk): ok
07-19 20:46:14.333 12820 12820 D CompatChangeReporter: Compat change id reported: 377864165; UID 10461; state: ENABLED
07-19 20:46:14.347 12820 12820 I ContentCaptureHelper: Setting logging level to OFF
07-19 20:46:14.361  1735  4396 W InputChannel-JNI: Channel already disposed.
07-19 20:46:14.364 12820 12820 D VRI[QtActivity]: WindowInsets changed: 1080x2424 statusBars:[0,152,0,0] navigationBars:[0,0,0,126] mandatorySystemGestures:[0,184,0,126] 
07-19 20:46:14.364 12820 12820 D WindowOnBackDispatcher: setTopOnBackInvokedCallback (unwrapped): android.view.ViewRootImpl$$ExternalSyntheticLambda14@be10fbe
07-19 20:46:14.364  1735  4396 D CoreBackPreview: Window{e6576f2 u0 org.qtproject.example.appBleacherStream/org.qtproject.qt.android.bindings.QtActivity}: Setting back callback OnBackInvokedCallbackInfo{mCallback=android.window.IOnBackInvokedCallback$Stub$Proxy@97dfe9f, mPriority=0, mIsAnimationCallback=false, mOverrideBehavior=0}
07-19 20:46:14.365 12820 12820 I HWUI    : Using FreeType backend (prop=Auto)
07-19 20:46:14.366  1735  4396 D WindowManager: setClientSurface Surface(name=VRI-org.qtproject.example.appBleacherStream/org.qtproject.qt.android.bindings.QtActivity#47894)/@0xc340bec for e6576f2 org.qtproject.example.appBleacherStream/org.qtproject.qt.android.bindings.QtActivity
07-19 20:46:14.369 12820 12820 I Surface : Creating surface for consumer unnamed-12820-0 with slotExpansion=1 for 64 slots
07-19 20:46:14.369 12820 12820 I Surface : Creating surface for consumer VRI[QtActivity]#0(BLAST Consumer)0 with slotExpansion=1 for 64 slots
07-19 20:46:14.379  1735  1810 I ActivityTaskManager: Displayed org.qtproject.example.appBleacherStream/org.qtproject.qt.android.bindings.QtActivity for user 0: +208ms
07-19 20:46:14.381  1735  1814 W ProcessStats: Tracking association SourceState{74e68b6 com.android.settings/1000 Service #777847} whose proc state 8 is better than process ProcessState{732e4c8 com.google.android.apps.wellbeing/10132 pkg=com.google.android.apps.wellbeing} proc state 15 (0 skipped)
07-19 20:46:14.402  1735  2212 I ImeTracker: org.qtproject.example.appBleacherStream:701a42c3: onRequestHide at ORIGIN_SERVER reason HIDE_UNSPECIFIED_WINDOW fromUser false userId 0 displayId 0
07-19 20:46:14.403 12820 12820 D InsetsController: hide(ime())
07-19 20:46:14.403 12820 12820 I ImeTracker: org.qtproject.example.appBleacherStream:701a42c3: onCancelled at PHASE_CLIENT_ALREADY_HIDDEN
07-19 20:46:14.404 12820 12842 W qt.tlsbackend.ossl: Failed to load libssl/libcrypto.
07-19 20:46:14.404 12820 12842 W qt.network.ssl: No functional TLS backend was found
07-19 20:46:14.404 12820 12842 W qt.network.ssl: No functional TLS backend was found
07-19 20:46:14.404 12820 12842 W qt.network.ssl: No functional TLS backend was found
07-19 20:46:14.404 12820 12842 W qt.network.ssl: No TLS backend is available
07-19 20:46:14.404 12820 12842 W qt.network.ssl: No functional TLS backend was found
07-19 20:46:14.404 12820 12842 W qt.network.ssl: No functional TLS backend was found
07-19 20:46:14.404 12820 12842 W qt.network.ssl: No functional TLS backend was found
07-19 20:46:14.404 12820 12842 W qt.network.ssl: No functional TLS backend was found
07-19 20:46:14.404 12820 12842 W qt.network.ssl: No TLS backend is available
07-19 20:46:14.404 12820 12842 W qt.network.ssl: No functional TLS backend was found
07-19 20:46:14.404 12820 12842 W qt.network.ssl: No functional TLS backend was found
07-19 20:46:14.406  1735  4396 W InputChannel-JNI: Channel already disposed.
07-19 20:46:14.406 30487 30487 I GoogleInputMethodService: GoogleInputMethodService.onFinishInput():2276 
07-19 20:46:14.407  1735  4727 I ImeTracker: system_server:53e8ba2f: onRequestHide at ORIGIN_SERVER reason IME_REQUESTED_CHANGED_LISTENER fromUser false displayId 0
07-19 20:46:14.408  1735  1814 I ImeTracker: system_server:53e8ba2f: onCancelled at PHASE_SERVER_SHOULD_HIDE
07-19 20:46:14.408 30487 12857 I Module  : DeviceLockedStatusModuleProvider$Module.updateDeviceLockedStatusInternal():129 repeatCheckTimes = 0, locked = false
07-19 20:46:14.412 30487 30487 I GoogleInputMethodService: GoogleInputMethodService.onStartInput():1460 onStartInput(EditorInfo{EditorInfo{packageName=org.qtproject.example.appBleacherStream, inputType=0, inputTypeString=NULL, enableLearning=false, autoCorrection=false, autoComplete=false, imeOptions=0, privateImeOptions=null, actionName=UNSPECIFIED, actionLabel=null, initialSelStart=-1, initialSelEnd=-1, initialCapsMode=0, label=null, fieldId=0, fieldName=null, extras=null, hintText=null, hintLocales=[]}}, false)
07-19 20:46:14.412 30487 30487 I LatinIMEBase: LatinIMEBase.updateInputViewCoverNavigation():317 Update input view padding, isNavbarOverInputWindow=true, bottom inset=126
07-19 20:46:14.413  1735  4396 W PackageConfigPersister: App-specific configuration not found for packageName: org.qtproject.example.appBleacherStream and userId: 0
07-19 20:46:14.413 30487 12860 I Module  : DeviceLockedStatusModuleProvider$Module.updateDeviceLockedStatusInternal():129 repeatCheckTimes = 1, locked = false
07-19 20:46:14.462  1735  4396 W ParceledListSlice: Element #141 is 16536 bytes.
07-19 20:46:14.473  2726  2726 D b/387844520: getOutlineOffsetX: measured width = 173, mNormalizedIconSize = 159, last updated width = 173
07-19 20:46:14.511 12820 12820 I Surface : Creating surface for consumer unnamed-12820-1 with slotExpansion=1 for 64 slots
07-19 20:46:14.512 12820 12820 I Surface : Creating surface for consumer f6d4070 SurfaceView[org.qtproject.example.appBleacherStream/org.qtproject.qt.android.bindings.QtActivity]#1(BLAST Consumer)1 with slotExpansion=1 for 64 slots
07-19 20:46:14.539 12820 12820 D InsetsController: hide(ime())
07-19 20:46:14.540 12820 12820 I ImeTracker: org.qtproject.example.appBleacherStream:c47f8c12: onRequestHide at ORIGIN_CLIENT reason HIDE_SOFT_INPUT_BY_INSETS_API fromUser false userId 0 displayId 0
07-19 20:46:14.540 12820 12820 I ImeTracker: org.qtproject.example.appBleacherStream:c47f8c12: onCancelled at PHASE_CLIENT_ALREADY_HIDDEN
07-19 20:46:14.549 17482 17487 I pixel-thermal: VIRTUAL-SKIN-CPU-MID:31.8238 raw data: VIRTUAL-SKIN:31823.8 VIRTUAL-SKIN-CPU-MID:31823.8 
07-19 20:46:14.549 17482 17487 I pixel-thermal: VIRTUAL-SKIN-CHARGE-PERSIST:31.4636 raw data: VIRTUAL-SKIN-CHARGE-PERSIST:31463.6 
07-19 20:46:14.549 17482 17487 I pixel-thermal: VIRTUAL-SKIN-SOC:31.8238 raw data: VIRTUAL-SKIN:31823.8 VIRTUAL-SKIN-SOC:31823.8 
07-19 20:46:14.550 17482 17487 I pixel-thermal: VIRTUAL-SKIN-HINT:31.8238 raw data: VIRTUAL-SKIN:31823.8 VIRTUAL-SKIN-HINT:31823.8 
07-19 20:46:14.550 17482 17487 I pixel-thermal: VIRTUAL-SKIN-CPU-LIGHT-ODPM:31.8238 raw data: VIRTUAL-SKIN:31823.8 VIRTUAL-SKIN-CPU-LIGHT-ODPM:31823.8 
07-19 20:46:14.550 17482 17487 I pixel-thermal: VIRTUAL-SKIN-CPU-ODPM:31.8238 raw data: VIRTUAL-SKIN:31823.8 VIRTUAL-SKIN-CPU-ODPM:31823.8 
07-19 20:46:14.550 17482 17487 I pixel-thermal: VIRTUAL-SKIN-CPU-HIGH:31.8238 raw data: VIRTUAL-SKIN:31823.8 VIRTUAL-SKIN-CPU-HIGH:31823.8 
07-19 20:46:14.550 17482 17487 I pixel-thermal: cellular-emergency:31.8238 raw data: cellular-emergency:31823.8 
07-19 20:46:14.550 17482 17487 I pixel-thermal: VIRTUAL-SKIN-MODEL: model_input: [30526.00 31060.00 30370.00 30859.00 31282.00 31661.00 31149.00 30370.00 ]
07-19 20:46:14.550 17482 17487 I native  : I0000 00:00:1784508374.550739   17487 thermal_tflite_wrapper.cc:270] ThermalTfliteInvoke
07-19 20:46:14.550 17482 17487 I pixel-thermal: VIRTUAL-SKIN-MODEL: model_output: [32098.2 ]
07-19 20:46:14.550 17482 17487 I pixel-thermal: VIRTUAL-SKIN-MODEL: predicted_value: [32098.2 ]
07-19 20:46:14.550 17482 17487 I pixel-thermal: STATS-UPDATOR:0 raw data: EXTREME-SOC-CONDITION-CHECK:0 MAIN_SOC_POWER:158.823 STATS-UPDATOR:0 TPU_35S:0 VIRTUAL-SKIN:31823.8 VIRTUAL-SKIN-LEGACY:32935.3 VIRTUAL-SKIN-MODEL:32098.2 VIRTUAL-SKIN-MODEL-LEGACY-DIFF:-1059.88 VIRTUAL-SKIN-SPEAKER-MODEL:28925.4 charging_therm:31060 disp_therm:30370 flash_therm:30859 north_therm:31282 quiet_therm:30526 rfpa_therm:31661 soc_therm:31149 usb_pwr_therm:30370 
07-19 20:46:14.550 17482 17487 I pixel-thermal: VIRTUAL-SKIN-SPEAKER:29.0078 raw data: VIRTUAL-SKIN-SPEAKER:29007.8 
07-19 20:46:14.551 17482 17487 I pixel-thermal: VIRTUAL-SKIN:31.8238 raw data: VIRTUAL-SKIN:31823.8 
07-19 20:46:14.551 17482 17487 I pixel-thermal: Power rails total power: 527.48 mW for 63117 ms
07-19 20:46:14.551 17482 17487 I pixel-thermal: Power rails [S6M_LLDO1: 27.80 mW] [S4M_VDD_CPUCL0: 38.65 mW] [S3M_VDD_CPUCL2: 18.29 mW] [S1M_VDD_MIF: 17.65 mW] [S5M_VDD_INT: 14.56 mW] [S9M_VDD_CPUCL1_M: 5.37 mW] 
07-19 20:46:14.551 17482 17487 I pixel-thermal: Power rails [S2M_VDD_CPUCL1: 17.85 mW] [VSYS_PWR_CAMERA: 9.43 mW] [VSYS_PWR_DISPLAY: 147.38 mW] [L21S_VDD2L_MEM: 3.99 mW] [S8M_LLDO2: 26.24 mW] [S3S_LLDO1: 24.55 mW] 
07-19 20:46:14.551 17482 17487 I pixel-thermal: Power rails [VSYS_PWR_RFFE: 8.93 mW] [VSYS_PWR_WLAN_BT: 78.38 mW] [L2S_PLL_MIPI_UFS: 11.32 mW] [VSYS_PWR_TSPKR: 8.46 mW] [VSYS_PWR_MODEM: 30.82 mW] [S4S_VDD2H_MEM: 15.51 mW] 
07-19 20:46:14.551 17482 17487 I pixel-thermal: Power rails [S9S_VDD_AOC: 12.47 mW] [S2S_VDD_G3D: 3.80 mW] [S1S_VDD_CAM: 3.44 mW] [S7M_VDD_TPU: 0.00 mW] [L22S_UDFPS: 2.05 mW] [S5S_VDDQ_MEM: 0.54 mW] 
07-19 20:46:14.551 17482 17487 I pixel-thermal: CDEV log thermal-cpufreq-2 state:0 thermal-cpufreq-0 state:0 gxp-cooling state:0 tpu_cooling state:0 usbc-port state:0 chg_mdis state:0 thermal-cpufreq-1 state:0 thermal-gpufreq-0 state:0 thermal-uclamp-7 state:0 thermal-uclamp-4 state:0 thermal-uclamp-0 state:0 
07-19 20:46:14.554  2532  2773 D TemperatureStateSource: sequence=22339 actualDelay=10000
07-19 20:46:14.554  2532  2773 D TemperatureStateSource: Reading temperature: sequence=22340
07-19 20:46:14.554 17482 17482 I pixel-thermal: VIRTUAL-SKIN:31.8238 raw data: VIRTUAL-SKIN:31823.8 
07-19 20:46:14.555  2532  2773 D TemperatureStateSource: getDeviceTemperatures: sequence=22340 deviceTemperatureType=3 temperatureSource=0 temperatures=[31.823786]
07-19 20:46:14.555  2532  2773 D TemperatureStateSource: sequence=22340 waitTime=10000
07-19 20:46:14.555  2532  3936 D ImpulseStateSource: Notify clients: 32437
07-19 20:46:14.563  2532  2888 D ImpulseConnection: timeout didn't happen: com.google.android.apps.turbo
07-19 20:46:14.709  2368  3151 V WindowManagerShell: Received remote transition finished callback for (#10494)
07-19 20:46:14.709  2368  2403 V WindowManagerShell: Transition animation finished (aborted=false), notifying core (#10494) android.os.BinderProxy@ee59bef@0
07-19 20:46:14.712  1735  1810 V WindowManager: Finish Transition (#10494): created at 07-19 20:46:14.172 collect-started=0.077ms request-sent=5.482ms started=8.077ms ready=22.638ms sent=23.526ms commit=13.102ms finished=539.42ms
07-19 20:46:14.713  2368  2771 D WallpaperService: onVisibilityChanged(false): com.android.systemui.wallpapers.ImageWallpaper$CanvasEngine@2ec35d9
07-19 20:46:14.713  2368  2403 V WindowManagerShell: Track 0 became idle
07-19 20:46:14.713  2368  2403 V WindowManagerShell: All active transition animations finished
07-19 20:46:14.719  2532 20470 D UidImportanceSource: onUidImportanceBlock: uid=10258 importance=125
07-19 20:46:14.719  2532 20470 D UidImportanceSource: onUidImportanceBlock: packages=[com.google.android.apps.nexuslauncher] importance=125
07-19 20:46:14.719  2532 20470 D UidImportanceSource: onUidImportanceBlock: packageName=com.google.android.apps.nexuslauncher importance=125
07-19 20:46:14.719 12820 12825 I pBleacherStream: Compiler allocated 5303KB to compile void android.view.ViewRootImpl.performTraversals(long)
07-19 20:46:14.719  2532  2800 D ImpulseStateSource: Notify clients: 32438
07-19 20:46:14.720  2726  2726 D VRI[NexusLauncherActivity]: visibilityChanged oldVisibility=true newVisibility=false
07-19 20:46:14.722  2726  2726 D BaseActivity: Launcher flags updated: [] -[state_started]
07-19 20:46:14.723  2726  2726 D BaseDepthController: setSurface:
