07-19 20:46:14.723  2726  2726 D BaseDepthController: 	mWaitingOnSurfaceValidity: false
07-19 20:46:14.723  2726  2726 D BaseDepthController: 	mBaseSurface: null
07-19 20:46:14.723  2726  2726 D BaseDepthController: mSurface is null and mCurrentBlur is: 79
07-19 20:46:14.723  2726  2726 D KeyboardStateManager: hideKeyboard
07-19 20:46:14.723  2726  2726 D KeyboardStateManager: isImeShown: false
07-19 20:46:14.723  2726  2726 D StatsLog: LAUNCHER_ONSTOP
07-19 20:46:14.723  2726  6240 D GmsPlayProvider: Initiating graceful shutdown of binder channel.
07-19 20:46:14.723  2726  6240 D GmsPlayProvider: Binder channel was terminated gracefully.
07-19 20:46:14.723  2726  2726 D StatsLog: LAUNCHER_GOOGLE_SEARCH_RESTORE_LIST_SIZE_AFTER_ACTIVITY_RESTART
07-19 20:46:14.723  2726  2726 D SmartspaceInteractor: notifySmartspaceEvent: SmartspaceTargetEvent{mSmartspaceTarget=null, mSmartspaceActionId='null', mEventType=7}
07-19 20:46:14.724  2726  2726 D SmartspaceInteractor: notifySmartspaceEvent: SmartspaceTargetEvent{mSmartspaceTarget=null, mSmartspaceActionId='null', mEventType=7}
07-19 20:46:14.726  4007  4474 I AiAiEcho: (REDACTED) %s No tracked ambient data found for ID: %s; for event type: %d, skipping event processing.
07-19 20:46:14.727  4007  4474 I AiAiEcho: (REDACTED) %s No tracked ambient data found for ID: %s; for event type: %d, skipping event processing.
07-19 20:46:14.752  2368  2427 D WindowOnBackDispatcher: setTopOnBackInvokedCallback (unwrapped): null
07-19 20:46:14.752  1735  4727 D CoreBackPreview: Window{d4cbdf4 u0 Splash Screen org.qtproject.example.appBleacherStream EXITING}: Setting back callback null
07-19 20:46:14.992  1294  1294 I WifiHAL : Creating message to get link statistics; iface = 47
07-19 20:46:15.052  1294  2342 I WifiHAL : Getting cached scan results, iface handle = 0xb400007476f0c750
07-19 20:46:15.052  1294  2342 E WifiHAL : Creating message to get cached scan results
07-19 20:46:15.059  1294  2342 I WifiHAL : In GetCachedScanResultsCommand::handleResponse
07-19 20:46:15.139 17482 17487 I pixel-thermal: disp_therm:30.37 raw data: disp_therm:30370 
07-19 20:46:15.140 17482 17487 I pixel-thermal: usb_pwr_therm:30.37 raw data: usb_pwr_therm:30370 
07-19 20:46:15.140 17482 17487 I pixel-thermal: quiet_therm:30.526 raw data: quiet_therm:30526 
07-19 20:46:15.140 17482 17487 I pixel-thermal: VIRTUAL-USB-THROTTLING:0 raw data: VIRTUAL-USB-THROTTLING:0 
07-19 20:46:15.140 17482 17487 I pixel-thermal: VIRTUAL-USB-UI:0 raw data: VIRTUAL-USB-UI:0 
07-19 20:46:15.707 12820 12820 D InsetsController: hide(ime())
07-19 20:46:15.708 12820 12820 I ImeTracker: org.qtproject.example.appBleacherStream:9d883f64: onRequestHide at ORIGIN_CLIENT reason HIDE_SOFT_INPUT_BY_INSETS_API fromUser false userId 0 displayId 0
07-19 20:46:15.708 12820 12820 I ImeTracker: org.qtproject.example.appBleacherStream:9d883f64: onCancelled at PHASE_CLIENT_ALREADY_HIDDEN
07-19 20:46:15.714  2355  2358 I deeptouch: I0000 00:00:1784508375.714484    2358 tf_lite_classifier.cc:415] Event stream classified as kNone
07-19 20:46:15.716 12820 12820 D InsetsController: hide(ime())
07-19 20:46:15.716 12820 12820 I ImeTracker: org.qtproject.example.appBleacherStream:b13d746c: onRequestHide at ORIGIN_CLIENT reason HIDE_SOFT_INPUT_BY_INSETS_API fromUser false userId 0 displayId 0
07-19 20:46:15.717 12820 12820 I ImeTracker: org.qtproject.example.appBleacherStream:b13d746c: onCancelled at PHASE_CLIENT_ALREADY_HIDDEN
07-19 20:46:15.723 12820 12842 D default : Step 1: Creating game via HTTP POST...
07-19 20:46:16.454 12820 12820 D InsetsController: hide(ime())
07-19 20:46:16.454 12820 12820 I ImeTracker: org.qtproject.example.appBleacherStream:47fec818: onRequestHide at ORIGIN_CLIENT reason HIDE_SOFT_INPUT_BY_INSETS_API fromUser false userId 0 displayId 0
07-19 20:46:16.454 12820 12820 I ImeTracker: org.qtproject.example.appBleacherStream:47fec818: onCancelled at PHASE_CLIENT_ALREADY_HIDDEN
07-19 20:46:16.492  2355  2358 I deeptouch: I0000 00:00:1784508376.492696    2358 tf_lite_classifier.cc:415] Event stream classified as kNone
07-19 20:46:16.497 12820 12842 D default : Sending info to server...
07-19 20:46:16.664  2355  2358 I deeptouch: I0000 00:00:1784508376.664692    2358 tf_lite_classifier.cc:415] Event stream classified as kNone
07-19 20:46:16.822  2355  2358 I deeptouch: I0000 00:00:1784508376.821928    2358 tf_lite_classifier.cc:415] Event stream classified as kNone
07-19 20:46:16.825 12820 12842 D default : Sending info to server...
07-19 20:46:16.921 28357 12804 I NearbyConnections: Found BleAdvertisement [ 0x23 0x4f 0x31 0x59 0x4d 0x11 0x32 0x15 0xdc 0x6f 0xb1 0xec 0x59 0x09 0x81 0x44 0xc2 0x40 0x50 0x70 0xdf 0xbc 0x6c ] (with EndpointId O1YM and EndpointInfo [ 0x32 0x15 0xdc 0x6f 0xb1 0xec 0x59 0x09 0x81 0x44 0xc2 0x40 0x50 0x70 0xdf 0xbc 0x6c ])
07-19 20:46:16.922 28357 12804 I NearbyConnections: ClientProxy(20606377 0p:com.google.android.gms.nearby.sharing) reporting onEndpointFound(O1YM)
07-19 20:46:16.923 28357 12804 I NearbyConnections: ClientProxy(20606377) reporting onEndpointDistanceChanged(O1YM, UNKNOWN)
07-19 20:46:16.924 28357 12806 I NearbySharing: NearbySharing Internal event EndpointDiscovered(endpointId=O1YM)
07-19 20:46:17.225  2355  2358 I deeptouch: I0000 00:00:1784508377.225463    2358 tf_lite_classifier.cc:415] Event stream classified as kNone
07-19 20:46:17.227 12820 12842 D default : Sending info to server...
07-19 20:46:17.400  1573  1573 D AOC     : A3:MSG: usf_vsc_log.cc, 69: VSC: [Auto Brightness] Retune sensor-3 (tout:1 drop:0): avg 44.611 -> 44.611 [wm:50.954]
07-19 20:46:17.517  1573  1573 D AOC     : A3:MSG: usf_vsc_log.cc, 69: VSC: [Auto Brightness] Retune sensor-0 (tout:1 drop:0): avg 44.605 -> 44.605 [wm:51.058]
07-19 20:46:17.560 12820 12820 D InsetsController: hide(ime())
07-19 20:46:17.561 12820 12820 I ImeTracker: org.qtproject.example.appBleacherStream:385dfb27: onRequestHide at ORIGIN_CLIENT reason HIDE_SOFT_INPUT_BY_INSETS_API fromUser false userId 0 displayId 0
07-19 20:46:17.561 12820 12820 I ImeTracker: org.qtproject.example.appBleacherStream:385dfb27: onCancelled at PHASE_CLIENT_ALREADY_HIDDEN
07-19 20:46:17.621  2355  2358 I deeptouch: I0000 00:00:1784508377.621440    2358 tf_lite_classifier.cc:415] Event stream classified as kNone
07-19 20:46:17.624 12820 12842 D default : Sending info to server...
07-19 20:46:17.779  2355  2358 I deeptouch: I0000 00:00:1784508377.779576    2358 tf_lite_classifier.cc:415] Event stream classified as kNone
07-19 20:46:17.782 12820 12842 D default : Sending info to server...
07-19 20:46:18.099  1294  2342 I WifiHAL : Creating message to get link statistics; iface = 47
07-19 20:46:18.190  1294  1294 I WifiHAL : Getting cached scan results, iface handle = 0xb400007476f0c750
07-19 20:46:18.190  1294  1294 E WifiHAL : Creating message to get cached scan results
07-19 20:46:18.197  1294  1294 I WifiHAL : In GetCachedScanResultsCommand::handleResponse
07-19 20:46:18.514  1573  1573 D AOC     : CHRE: DRAM vote count begins
07-19 20:46:18.514  1573  1573 D AOC     : F1:MSG: controller.cc, 275: AudioInCtrl: cmd ID: 0x00f4, tag: 0x9e [cntr = 39528]
07-19 20:46:18.514  1573  1573 D AOC     : F1:MSG: controller_audio_input.cc, 4385: Got Chre audio start cmd (input path = 0)
07-19 20:46:18.514  1573  1573 D AOC     : F1:MSG: audio_capture_pdm.cc, 448: Reconfig seamless
07-19 20:46:18.514  1573  1573 D AOC     : F1:Stream 1: mask 0x3, rings {1, 0}, pipe 0x1, sr 16000, il {0,1,0,0}, en 1, mc 0, ni 1, fpo 0, ru 1, hq 0
07-19 20:46:18.514  1573  1573 D AOC     : F1:Stream 4: mask 0x1, rings {7, 0}, pipe 0x10, sr 16000, il {0,0,0,0}, en 1, mc 0, ni 10, fpo 0, ru 1, hq 0
07-19 20:46:18.515  1573  1573 D AOC     : F1:MSG: audio_capture_pdm.cc, 580: Stream 4 restarted (ramp ON)
07-19 20:46:18.515  1573  1573 D AOC     : F1:MSG: chre_src.cc, 427: Set input source to 0
07-19 20:46:18.515  1573  1573 D AOC     : F1:TRC: hotword_input_processor.cc, 1008: Receive cmd: 0x84 (132)
07-19 20:46:18.515  1573  1573 D AOC     : F1:TRC: hotword_input_processor.cc, 1504: Finished cmd: 0x84 (132)
07-19 20:46:18.515  1573  1573 D AOC     : F1:MSG: controller.cc, 919: AudioInCtrl: ipc: C-Ch-AI, cmd ID: 0x00f4, tag: 0x9e, rc: 0
07-19 20:46:18.515  1573  1573 D AOC     : F1:MSG: chre_src.cc, 152: CHRE SRC Reset Requested
07-19 20:46:18.516  1231  1251 I CHRE    : @ 477653.606: [vice_ambient_volume] SendMessageToAmbientVolume, message_type: 33281 to instance_id: 0x3
07-19 20:46:18.517  1231  1251 I CHRE    : @ 477653.606: [vice_ambient_volume] Ambient Volume enabled
07-19 20:46:18.517  1231  1251 I CHRE    : @ 477653.606: [AV] Client info registered: client endpoint 0x1a, include_volume_history_seconds: transition=0 exposure=0
07-19 20:46:18.517  1231  1251 D CHRE    : @ 477653.609: request audio send: 0
07-19 20:46:18.517  1573  1573 D AOC     : CHRE: DRAM vote count ends: 0 ms
07-19 20:46:18.517  1573  1573 D AOC     : CHRE: DRAM vote count begins
07-19 20:46:18.517  1573  1573 D AOC     : CHRE: DRAM vote count ends: 0 ms
07-19 20:46:18.517  1573  1573 D AOC     : CHRE: DRAM vote count begins
07-19 20:46:18.518  1573  1573 D AOC     : CHRE: DRAM vote count ends: 0 ms
07-19 20:46:18.518  1573  1573 D AOC     : CHRE: DRAM vote count begins
07-19 20:46:18.518  1573  1573 D AOC     : CHRE: DRAM vote count ends: 0 ms
07-19 20:46:18.518  1231  1251 I CHRE    : @ 477653.610: [AV] Requested audio from handle 0, status: 1
07-19 20:46:18.518  1231  1251 I CHRE    : @ 477653.610: [vice_ambient_volume] Received ACK from Ambient Volume for enable request
07-19 20:46:18.629  4431  4447 W Turbo.OnDeviceBatteryHistory: addEvents: loaded 0 battery events.
07-19 20:46:18.629  4431  4447 W Turbo.OnDeviceBatteryHistory: addEvents: loaded battery events completed.
07-19 20:46:18.629  4431  4447 W Turbo.EstimatedTimeRemainingProvider: queryTimeToDischarge: 43180839
07-19 20:46:18.633  2368  2448 D Estimate: storeCachedEstimate
07-19 20:46:19.288   516   721 D SurfaceFlinger: setDesiredMode 4619827779462952448 {mode={fps=60.00 Hz, modePtr={id=0, vsyncRate=60.00 Hz, peakRefreshRate=60.00 Hz}}, emitEvent=false, force=false}
07-19 20:46:19.291   516   516 D SurfaceFlinger: initiateModeChange 4619827779462952448 {mode={fps=60.00 Hz, modePtr={id=0, vsyncRate=60.00 Hz, peakRefreshRate=60.00 Hz}}, emitEvent=false, force=false}
07-19 20:46:19.293   520 18211 D hwc-display: setActiveConfigWithConstraints:: PrimaryDisplay config(36) test(0)
07-19 20:46:19.294   520 18211 I hwc-display: [PrimaryDisplay] setActiveConfigWithConstraints: config(36)
07-19 20:46:19.378 12820 12867 D ProfileInstaller: Installing profile for org.qtproject.example.appBleacherStream
07-19 20:46:19.959  1735  2245 D InetDiagMessage: Destroyed 0 sockets, proto=IPPROTO_TCP, family=AF_INET, states=14
07-19 20:46:19.961  1735  2245 D InetDiagMessage: Destroyed 0 sockets, proto=IPPROTO_TCP, family=AF_INET6, states=14
07-19 20:46:19.962  1735  2245 D InetDiagMessage: Destroyed live tcp sockets for uids={10290} in 5ms
07-19 20:46:19.964  1735  2245 D InetDiagMessage: Destroyed 0 sockets, proto=IPPROTO_TCP, family=AF_INET, states=14
07-19 20:46:19.965  1735  2245 D InetDiagMessage: Destroyed 0 sockets, proto=IPPROTO_TCP, family=AF_INET6, states=14
07-19 20:46:19.965  1735  2245 D InetDiagMessage: Destroyed live tcp sockets for uids={20290} in 4ms
07-19 20:46:20.047 28357 12807 I NearbyMediums: Found Fast Ble Advertisements :
07-19 20:46:20.047 28357 12807 I NearbyMediums: BleAdvertisement { version=2, socketVersion=2, isFast=true, serviceIdHash=null, data=[ 0x23 0x4f 0x31 0x59 0x4d 0x11 0x32 0x15 0xdc 0x6f 0xb1 0xec 0x59 0x09 0x81 0x44 0xc2 0x40 0x50 0x70 0xdf 0xbc 0x6c ], deviceToken=[ 0x9d 0x63 ], rxAdvertisement=null } : 1 times.
07-19 20:46:20.047 28357 12807 I NearbyMediums: Total 1 fast advertisements from 1 unique advertisers.
07-19 20:46:20.047 28357 12807 I NearbyMediums: Current Tracked Scanning Clients are : {NearbyConnections.EnvironmentMonitor, NearbySharing, NearbyConnections.TxAdvertisement}
07-19 20:46:20.288  1573  1573 D AOC     : CHRE: DRAM vote count begins
07-19 20:46:20.288  1573  1573 D AOC     : CHRE: DRAM vote count ends: 0 ms
07-19 20:46:20.288  1573  1573 D AOC     : CHRE: DRAM vote count begins
07-19 20:46:20.289  1573  1573 D AOC     : CHRE: DRAM vote count ends: 0 ms
07-19 20:46:20.290  1231  1251 I CHRE    : @ 477655.381: [CapoPD] Enumerated Device Orientation found: 3, g=[1.48 1.24 9.59]
07-19 20:46:20.290  1231  1251 I CHRE    : @ 477655.381: [CapoPD] Update stationary context: type=2, stationary=2, #orientation=1, orientation(top2)=[3, 0, ...]
07-19 20:46:20.615  1573  1573 D AOC     : CHRE: DRAM vote count begins
07-19 20:46:20.615  1573  1573 D AOC     : CHRE: DRAM vote count ends: 0 ms
07-19 20:46:20.615  1573  1573 D AOC     : CHRE: DRAM vote count begins
07-19 20:46:20.615  1573  1573 D AOC     : CHRE: DRAM vote count ends: 0 ms
07-19 20:46:20.615  1573  1573 D AOC     : CHRE: DRAM vote count begins
07-19 20:46:20.615  1573  1573 D AOC     : F1:MSG: controller.cc, 275: AudioInCtrl: cmd ID: 0x00f5, tag: 0x9f [cntr = 39529]
07-19 20:46:20.615  1573  1573 D AOC     : F1:MSG: controller_audio_input.cc, 4407: Got chre audio stop cmd
07-19 20:46:20.615  1573  1573 D AOC     : F1:TRC: hotword_input_processor.cc, 1008: Receive cmd: 0x84 (132)
07-19 20:46:20.616  1573  1573 D AOC     : F1:TRC: hotword_input_processor.cc, 1504: Finished cmd: 0x84 (132)
07-19 20:46:20.616  1231  1251 I CHRE    : @ 477655.706: [vice_ambient_volume] SendMessageToAmbientVolume, message_type: 33283 to instance_id: 0x3
07-19 20:46:20.616  1231  1251 I CHRE    : @ 477655.706: nappId=26 tried to cancel expired/invalid timer 30885
07-19 20:46:20.617  1573  1573 D AOC     : F1:MSG: audio_capture_pdm.cc, 448: Reconfig seamless
07-19 20:46:20.617  1573  1573 D AOC     : F1:Stream 1: mask 0x3, rings {1, 0}, pipe 0x1, sr 16000, il {0,1,0,0}, en 1, mc 0, ni 1, fpo 0, ru 1, hq 0
07-19 20:46:20.617  1573  1573 D AOC     : F1:MSG: controller.cc, 919: AudioInCtrl: ipc: C-Ch-AI, cmd ID: 0x00f5, tag: 0x9f, rc: 0
07-19 20:46:20.617  1573  1573 D AOC     : CHRE: DRAM vote count ends: 0 ms
07-19 20:46:20.617  1573  1573 D AOC     : CHRE: DRAM vote count begins
07-19 20:46:20.617  1573  1573 D AOC     : CHRE: DRAM vote count ends: 0 ms
07-19 20:46:20.617  1231  1251 I CHRE    : @ 477655.708: [vice_ambient_volume] SendMessageToAmbientVolume, message_type: 33282 to instance_id: 0x3
07-19 20:46:20.617  1231  1251 E CHRE    : @ 477655.708: [AV] Client 3 is not found.
07-19 20:46:20.617  1231  1251 I CHRE    : @ 477655.708: [AV] disabling detection
07-19 20:46:20.618  1231  1251 D CHRE    : @ 477655.710: request audio send: 0
07-19 20:46:20.618  1231  1251 I CHRE    : @ 477655.710: [vice_ambient_volume] Received ACK from Ambient Volume for disable request
07-19 20:46:21.207  3345  3345 I pixelstats: MmMetrics: kernel: old PSI sysfs node.
07-19 20:46:21.228  1294  1294 I WifiHAL : Creating message to get link statistics; iface = 47
07-19 20:46:21.335  1294  1294 E libbinder.IPCThreadState: binder thread pool (1 threads) starved for 107 ms
07-19 20:46:21.336  1294  2342 I WifiHAL : Getting cached scan results, iface handle = 0xb400007476f0c750
07-19 20:46:21.336  1294  2342 E WifiHAL : Creating message to get cached scan results
07-19 20:46:21.340  1294  2342 I WifiHAL : In GetCachedScanResultsCommand::handleResponse
07-19 20:46:21.565 17482 17487 I pixel-thermal: VIRTUAL-SKIN-MODEL: model_input: [30659.00 31216.00 30258.00 30926.00 31327.00 31839.00 31416.00 30414.00 ]
07-19 20:46:21.565 17482 17487 I native  : I0000 00:00:1784508381.565686   17487 thermal_tflite_wrapper.cc:270] ThermalTfliteInvoke
07-19 20:46:21.566 17482 17487 I pixel-thermal: VIRTUAL-SKIN-MODEL: model_output: [32210.7 ]
07-19 20:46:21.566 17482 17487 I pixel-thermal: VIRTUAL-SKIN-MODEL: predicted_value: [32210.7 ]
07-19 20:46:21.566 17482 17487 I pixel-thermal: VIRTUAL-SKIN-SPEAKER-MODEL: model_input: [30659.00 31216.00 30258.00 30926.00 31327.00 31839.00 31416.00 30414.00 8.53 ]
07-19 20:46:21.566 17482 17487 I native  : I0000 00:00:1784508381.566533   17487 thermal_tflite_wrapper.cc:270] ThermalTfliteInvoke
07-19 20:46:21.566 17482 17487 I pixel-thermal: VIRTUAL-SKIN-SPEAKER-MODEL: model_output: [28981.2 ]
07-19 20:46:21.566 17482 17487 I pixel-thermal: VIRTUAL-SKIN-SPEAKER-MODEL: predicted_value: [28981.2 ]
07-19 20:46:21.566 17482 17487 I pixel-thermal: VIRTUAL-SKIN-CPU-MID:31.9786 raw data: VIRTUAL-SKIN:31978.6 VIRTUAL-SKIN-CPU-MID:31978.6 VIRTUAL-SKIN-LEGACY:32937.7 VIRTUAL-SKIN-LEGACY-MODEL-DIFF:726.988 VIRTUAL-SKIN-LEGACY-SHUTDOWN:0 VIRTUAL-SKIN-MODEL:32210.7 VIRTUAL-SKIN-MODEL-CLAMPED:32210.7 VIRTUAL-SKIN-MODEL-LEGACY-DIFF:-726.988 VIRTUAL-SKIN-MODEL-UPDATED:31978.6 VIRTUAL-SKIN-MODEL-UPPER-CLAMPED:32210.7 VIRTUAL-SKIN-SPEAKER:29002.5 VIRTUAL-SKIN-SPEAKER-MODEL:28981.2 VIRTUAL-SKIN-SUB-0:32937.7 VIRTUAL-SKIN-SUB-1:30744.8 VSYS_PWR_TSPKR:8.5259 VSYS_PWR_TSPKR_90S:8.5259 VT_LEGACY_WEIGHT:0 VT_MODEL_WEIGHT:1 charging_therm:31216 disp_therm:30258 flash_therm:30926 north_therm:31327 quiet_therm:30659 rfpa_therm:31839 soc_therm:31416 usb_pwr_therm:30414 
07-19 20:46:21.567 17482 17487 I pixel-thermal: VIRTUAL-SKIN-CHARGE-PERSIST:31.524 raw data: VIRTUAL-SKIN-CHARGE-PERSIST:31524 VIRTUAL-SKIN-CHARGE-WLC:31524 charging_therm:31216 disp_therm:30258 flash_therm:30926 north_therm:31327 quiet_therm:30659 rfpa_therm:31839 soc_therm:31416 usb_pwr_therm:30414 
07-19 20:46:21.567 17482 17487 I pixel-thermal: VIRTUAL-SKIN-SOC:31.9786 raw data: VIRTUAL-SKIN:31978.6 VIRTUAL-SKIN-SOC:31978.6 
07-19 20:46:21.567 17482 17487 I pixel-thermal: VIRTUAL-SKIN-HINT:31.9786 raw data: VIRTUAL-SKIN:31978.6 VIRTUAL-SKIN-HINT:31978.6 
07-19 20:46:21.567 17482 17487 I pixel-thermal: VIRTUAL-SKIN-CPU-LIGHT-ODPM:31.9786 raw data: VIRTUAL-SKIN:31978.6 VIRTUAL-SKIN-CPU-LIGHT-ODPM:31978.6 
07-19 20:46:21.567 17482 17487 I pixel-thermal: VIRTUAL-SKIN-CPU-ODPM:31.9786 raw data: VIRTUAL-SKIN:31978.6 VIRTUAL-SKIN-CPU-ODPM:31978.6 
07-19 20:46:21.567 17482 17487 I pixel-thermal: VIRTUAL-SKIN-CPU-HIGH:31.9786 raw data: VIRTUAL-SKIN:31978.6 VIRTUAL-SKIN-CPU-HIGH:31978.6 
07-19 20:46:21.567 17482 17487 I pixel-thermal: cellular-emergency:31.9786 raw data: VIRTUAL-SKIN:31978.6 cellular-emergency:31978.6 
07-19 20:46:21.568 17482 17487 I pixel-thermal: STATS-UPDATOR:0 raw data: EXTREME-SOC-CONDITION-CHECK:0 MAIN_SOC_POWER:259.992 STATS-UPDATOR:0 TPU_35S:0 VIRTUAL-SKIN:31978.6 VIRTUAL-SKIN-LEGACY:32937.7 VIRTUAL-SKIN-MODEL:32210.7 VIRTUAL-SKIN-MODEL-LEGACY-DIFF:-726.988 VIRTUAL-SKIN-SPEAKER-MODEL:28981.2 
07-19 20:46:21.568 17482 17487 I pixel-thermal: VIRTUAL-SKIN-SPEAKER:29.0025 raw data: VIRTUAL-SKIN-SPEAKER:29002.5 
07-19 20:46:21.568 17482 17487 I pixel-thermal: VIRTUAL-SKIN:31.9786 raw data: VIRTUAL-SKIN:31978.6 
07-19 20:46:22.151 17482 17487 I pixel-thermal: disp_therm:30.258 raw data: disp_therm:30258 
07-19 20:46:22.151 17482 17487 I pixel-thermal: usb_pwr_therm:30.414 raw data: usb_pwr_therm:30414 
07-19 20:46:22.151 17482 17487 I pixel-thermal: quiet_therm:30.659 raw data: quiet_therm:30659 
07-19 20:46:22.152 17482 17487 I pixel-thermal: VIRTUAL-USB-THROTTLING:0 raw data: USB-MINUS-CHARGER:-802 VIRTUAL-USB-THROTTLING:0 charging_therm:31216 usb_pwr_therm:30414 
07-19 20:46:22.152 17482 17487 I pixel-thermal: VIRTUAL-USB-UI:0 raw data: USB-MINUS-CHARGER:-802 VIRTUAL-USB-UI:0 usb_pwr_therm:30414 
07-19 20:46:23.041  1573  1573 D AOC     : A3:MSG: icm456xy_device.cc, 443: USF: Device: type: 4, p/l: 0 ns/ 9223372036854775807 ns, O/WM/I: 100/6/17
07-19 20:46:23.041  1573  1573 D AOC     : A3:MSG: usf_sensor.cc, 1866: USF: Received start sampling request for ICM45631 Motion Detect (active:1).
07-19 20:46:23.043  1573  1573 D AOC     : A3:MSG: icm456xy_device.cc, 443: USF: Device: type: 3, p/l: 640000000 ns/ 0 ns, O/WM/I: 100/6/17
07-19 20:46:23.043  1573  1573 D AOC     : A3:MSG: motion_state_sensor.cc, 328: USF: MoSt: MotionDetect sampling started with sampling ID 86280.
07-19 20:46:23.047  1573  1573 D AOC     : A3:MSG: usf_sensor.cc, 1866: USF: Received start sampling request for ICM45631 Motion Detect (active:2).
07-19 20:46:23.049  1573  1573 D AOC     : A3:MSG: usf_sensor.cc, 1881: USF: Received stop sampling request for ICM45631 FreeFall Detect (active:0).
07-19 20:46:23.049  1573  1573 D AOC     : A3:MSG: icm456xy_device.cc, 443: USF: Device: type: 5, p/l: 0 ns/ 9223372036854775807 ns, O/WM/I: 100/6/17
07-19 20:46:23.075  1573  1573 D AOC     : A3:MSG: tmd3743_device.cc, 997: USF: TMD3743: C/G switch 2 -> 4 d_lux:0.99 w_lux: 1.99 C:0.06 G:0.01
07-19 20:46:23.125  1573  1573 D AOC     : A3:MSG: tmd3743_device.cc, 997: USF: TMD3743: C/G switch 4 -> 2 d_lux:14.00 w_lux: 11.69 C:0.39 G:0.12
07-19 20:46:23.271  1573  1573 D AOC     : A3:MSG: icm456xy_device.cc, 443: USF: Device: type: 3, p/l: 0 ns/ 9223372036854775807 ns, O/WM/I: 100/6/17
07-19 20:46:23.272  1573  1573 D AOC     : A3:MSG: usf_sensor.cc, 1866: USF: Received start sampling request for ICM45631 Stationary Detect (active:1).
07-19 20:46:23.272  1573  1573 D AOC     : A3:MSG: icm456xy_device.cc, 443: USF: Device: type: 4, p/l: 640000000 ns/ 0 ns, O/WM/I: 100/6/17
07-19 20:46:23.273  1573  1573 D AOC     : A3:MSG: motion_state_sensor.cc, 328: USF: MoSt: StationaryDetect sampling started with sampling ID 86282.
07-19 20:46:23.276  1573  1573 D AOC     : A3:MSG: usf_sensor.cc, 1866: USF: Received start sampling request for ICM45631 FreeFall Detect (active:1).
07-19 20:46:23.278  1573  1573 D AOC     : A3:MSG: icm456xy_device.cc, 443: USF: Device: type: 5, p/l: 640000000 ns/ 0 ns, O/WM/I: 100/6/17
07-19 20:46:23.280  1573  1573 D AOC     : A3:MSG: usf_sensor.cc, 1866: USF: Received start sampling request for ICM45631 Stationary Detect (active:2).
07-19 20:46:23.481  1573  1573 D AOC     : A3:MSG: usf_sensor.cc, 1866: USF: Received start sampling request for ICM45631 Motion Detect (active:1).
07-19 20:46:23.482  1573  1573 D AOC     : A3:MSG: icm456xy_device.cc, 443: USF: Device: type: 3, p/l: 640000000 ns/ 0 ns, O/WM/I: 100/6/17
07-19 20:46:23.484  1573  1573 D AOC     : A3:MSG: usf_sensor.cc, 1866: USF: Received start sampling request for ICM45631 Accelerometer (active:7).
07-19 20:46:23.484  1573  1573 D AOC     : A3:MSG: icm456xy_device.cc, 443: USF: Device: type: 0, p/l: 10000000 ns/ 66666666 ns, O/WM/I: 100/6/17
07-19 20:46:23.492  1573  1573 D AOC     : A3:MSG: usf_sensor.cc, 1866: USF: Received start sampling request for ICM45631 Motion Detect (active:2).
07-19 20:46:23.493  1573  1573 D AOC     : CHRE: DRAM vote count begins
07-19 20:46:23.493  1573  1573 D AOC     : CHRE: DRAM vote count ends: 0 ms
07-19 20:46:23.493  1231  1251 I CHRE    : @ 477658.584: [Capo] MD nanoapp declared stationary at = 477658584870076
07-19 20:46:23.493  1231  1251 I CHRE    : @ 477658.586: [CapoPD] PositionDetector mode change from 2 --> 1
07-19 20:46:23.494  1573  1573 D AOC     : CHRE: DRAM vote count begins
07-19 20:46:23.494  1573  1573 D AOC     : CHRE: DRAM vote count ends: 0 ms
07-19 20:46:23.494  1231  1251 I CHRE    : @ 477658.587: [Capo] MD nanoapp declared in-motion at = 477658587449259
07-19 20:46:23.494  1573  1573 D AOC     : A3:MSG: usf_sensor.cc, 1881: USF: Received stop sampling request for ICM45631 Motion Detect (active:1).
07-19 20:46:23.495  1573  1573 D AOC     : CHRE: DRAM vote count begins
07-19 20:46:23.496  1573  1573 D AOC     : CHRE: DRAM vote count ends: 0 ms
07-19 20:46:23.498  1573  1573 D AOC     : A3:MSG: usf_sensor.cc, 1866: USF: Received start sampling request for TMD3743 Proximity (active:1).
07-19 20:46:23.498  1573  1573 D AOC     : CHRE: DRAM vote count begins
07-19 20:46:23.499  1573  1573 D AOC     : CHRE: DRAM vote count ends: 0 ms
07-19 20:46:23.499  1573  1573 D AOC     : CHRE: DRAM vote count begins
07-19 20:46:23.499  1573  1573 D AOC     : CHRE: DRAM vote count ends: 0 ms
07-19 20:46:23.500  1573  1573 D AOC     : A3:MSG: tmd3743_sensor.cc, 296: USF: TMD3743: Report new active state:1 min_fps:30
07-19 20:46:23.500  1573  1573 D AOC     : A3:MSG: tmd3743_device.cc, 367: USF: TMD3743: [0]Start sampling (Client count L/C/S/P = 1/1/0/1, err = 0)
07-19 20:46:23.501  1573  1573 D AOC     : CHRE: DRAM vote count begins
07-19 20:46:23.502  1573  1573 D AOC     : CHRE: DRAM vote count ends: 0 ms
07-19 20:46:23.502  1247  1340 I usf_sensor_hal: Received REPORT_SENSOR_ACTIVE_STATE_CHANGES event from 'TMD3743 Proximity' with state:kActive and desired fps:30!
07-19 20:46:23.502   520   579 D hwc-display: setMinIdleRefreshRate requester 0, fps 30
07-19 20:46:23.503   520   579 I hwc-display: ExynosPrimaryDisplay::setMinIdleRefreshRate() writes min_vrefresh(30) to the sysfs node
07-19 20:46:23.503   520   579 I hwc-display: setRefreshRateThrottleNanos() requester(0) set delay to 1000000000ns
07-19 20:46:23.503   520   579 I hwc-display: setDisplayIdleDelayNanos() writes idle_delay_ms(1000) to the sysfs node (0x0)
07-19 20:46:23.504  1231  1251 I CHRE    : @ 477658.589: [Capo] Current position changed: 2 -> 1
07-19 20:46:23.504  1231  1251 D CHRE.HAL: Received a nanoapp message from 0x476f6f676c001041 endpoint 0x1: Type 0x110 size 6 
07-19 20:46:23.506  1231  1251 I CHRE    : @ 477658.589: [Capo] Device stationary type changed: 2 -> 1
07-19 20:46:23.506  1231  1251 I CHRE    : @ 477658.589: [Capo] Device orientation changed: 0x8 -> 0x0
07-19 20:46:23.506  1231  1251 I CHRE    : @ 477658.589: [Capo] Current position: 1, IsHostAwake: 1
07-19 20:46:23.506  1231  1251 I CHRE    : @ 477658.590: [Capo] Sending detection result 0x1 to the client 26, is_local: 1, is_host_awake: 1
07-19 20:46:23.506  1231  1251 I CHRE    : @ 477658.590: [vice_capo] Updated position from 2 to 1
07-19 20:46:23.506  1231  1251 I CHRE    : @ 477658.590: [vice] Updating Capo State from STILL_FACE_UP to IN_MOTION
07-19 20:46:23.506  1231  1251 I CHRE    : @ 477658.595: [vice_ambient_light] Cancelling existing timer to start new timer from state 2
07-19 20:46:23.510  2532  2532 V AdaptiveHaptics: Vice: received message MESSAGE_TYPE_CONTEXT_UPDATE
07-19 20:46:23.512  2532  2532 I AdaptiveHaptics: Set scale to manager: 1.0 for types: 4
07-19 20:46:23.512  2532  2532 I AdaptiveHaptics: Set scale to manager: 1.0 for types: 1
07-19 20:46:23.512  2532  2532 I AdaptiveHaptics: Set scale to manager: 1.0 for types: 2
07-19 20:46:23.512  2532  2532 I AdaptiveHaptics: State updated : Intensity : INTENSITY_MEDIUM
07-19 20:46:23.512  2532  2532 I AdaptiveHaptics:     Vice: 
07-19 20:46:23.512  2532  2532 I AdaptiveHaptics:       Capo: IN_MOTION
07-19 20:46:23.512  2532  2532 I AdaptiveHaptics:       AmbientVolume: QUIET
07-19 20:46:23.512  2532  2532 I AdaptiveHaptics:       AmbientLight: BRIGHT
07-19 20:46:23.512  2532  2532 I AdaptiveHaptics:       Pocket: NOT_IN_POCKET
07-19 20:46:23.518   516   725 D SurfaceFlinger: setDesiredMode 4619827779462952448 {mode={fps=120.00 Hz, modePtr={id=1, vsyncRate=120.00 Hz, peakRefreshRate=120.00 Hz}}, emitEvent=false, force=false}
07-19 20:46:23.530   516   516 D SurfaceFlinger: initiateModeChange 4619827779462952448 {mode={fps=120.00 Hz, modePtr={id=1, vsyncRate=120.00 Hz, peakRefreshRate=120.00 Hz}}, emitEvent=false, force=false}
07-19 20:46:23.530   520   579 D hwc-display: setActiveConfigWithConstraints:: PrimaryDisplay config(37) test(0)
07-19 20:46:23.530   520   579 I hwc-display: [PrimaryDisplay] setActiveConfigWithConstraints: config(37)
07-19 20:46:23.533  1573  1573 D AOC     : A3:MSG: tmd3743_device.cc, 3183: USF: TMD3743: Prox State: Unknown -> FAR
07-19 20:46:23.567  2355  2358 I deeptouch: I0000 00:00:1784508383.567853    2358 tf_lite_classifier.cc:415] Event stream classified as kNone
07-19 20:46:23.582  1573  1573 D AOC     : A3:MSG: icm456xy_device.cc, 443: USF: Device: type: 3, p/l: 0 ns/ 9223372036854775807 ns, O/WM/I: 100/6/17
07-19 20:46:23.582  1573  1573 D AOC     : A3:MSG: usf_sensor.cc, 1866: USF: Received start sampling request for ICM45631 Accelerometer (active:7).
07-19 20:46:23.583  1573  1573 D AOC     : A3:MSG: icm456xy_device.cc, 443: USF: Device: type: 0, p/l: 10000000 ns/ 86666666 ns, O/WM/I: 100/6/17
07-19 20:46:23.784 12820 12820 D InsetsController: hide(ime())
07-19 20:46:23.784 12820 12820 I ImeTracker: org.qtproject.example.appBleacherStream:4f0670b6: onRequestHide at ORIGIN_CLIENT reason HIDE_SOFT_INPUT_BY_INSETS_API fromUser false userId 0 displayId 0
07-19 20:46:23.784 12820 12820 I ImeTracker: org.qtproject.example.appBleacherStream:4f0670b6: onCancelled at PHASE_CLIENT_ALREADY_HIDDEN
07-19 20:46:23.862 12820 12842 D default : Sending info to server...
07-19 20:46:23.863  2355  2358 I deeptouch: I0000 00:00:1784508383.863402    2358 tf_lite_classifier.cc:415] Event stream classified as kNone
07-19 20:46:24.033  2355  2358 I deeptouch: I0000 00:00:1784508384.033624    2358 tf_lite_classifier.cc:415] Event stream classified as kNone
07-19 20:46:24.037 12820 12842 D default : Sending info to server...
07-19 20:46:24.183  2355  2358 I deeptouch: I0000 00:00:1784508384.183408    2358 tf_lite_classifier.cc:415] Event stream classified as kNone
07-19 20:46:24.187 12820 12842 D default : Sending info to server...
07-19 20:46:24.209  1573  1573 D AOC     : A3:MSG: tmd3743_device.cc, 3587: USF: TMD3743: Baseline-cal complete. Baseline=10871.849954, amb_ir=17
07-19 20:46:24.386  1294  2342 I WifiHAL : Creating message to get link statistics; iface = 47
07-19 20:46:24.482  1294  1294 I WifiHAL : Getting cached scan results, iface handle = 0xb400007476f0c750
07-19 20:46:24.482  1294  1294 E WifiHAL : Creating message to get cached scan results
07-19 20:46:24.489  1294  1294 I WifiHAL : In GetCachedScanResultsCommand::handleResponse
07-19 20:46:24.523 12820 12820 D InsetsController: hide(ime())
07-19 20:46:24.524 12820 12820 I ImeTracker: org.qtproject.example.appBleacherStream:f63aa76f: onRequestHide at ORIGIN_CLIENT reason HIDE_SOFT_INPUT_BY_INSETS_API fromUser false userId 0 displayId 0
07-19 20:46:24.524 12820 12820 I ImeTracker: org.qtproject.example.appBleacherStream:f63aa76f: onCancelled at PHASE_CLIENT_ALREADY_HIDDEN
07-19 20:46:24.542  2355  2358 I deeptouch: I0000 00:00:1784508384.542451    2358 tf_lite_classifier.cc:415] Event stream classified as kNone
07-19 20:46:24.543 12820 12842 D default : Sending info to server...
07-19 20:46:24.556  2532  2888 D TemperatureStateSource: sequence=22340 actualDelay=10001
07-19 20:46:24.557  2532  2888 D TemperatureStateSource: Reading temperature: sequence=22341
07-19 20:46:24.562 17482 17482 I pixel-thermal: VIRTUAL-SKIN-SPEAKER-MODEL: model_input: [30459.00 31216.00 30459.00 30859.00 31616.00 31972.00 31594.00 30348.00 8.56 ]
07-19 20:46:24.562 17482 17482 I native  : I0000 00:00:1784508384.562271   17482 thermal_tflite_wrapper.cc:270] ThermalTfliteInvoke
07-19 20:46:24.562 17482 17482 I pixel-thermal: VIRTUAL-SKIN-SPEAKER-MODEL: model_output: [28940.1 ]
07-19 20:46:24.562 17482 17482 I pixel-thermal: VIRTUAL-SKIN-SPEAKER-MODEL: predicted_value: [28940.1 ]
07-19 20:46:24.562 17482 17482 I pixel-thermal: VIRTUAL-SKIN:32.0714 raw data: VIRTUAL-SKIN:32071.4 VIRTUAL-SKIN-LEGACY:32983 VIRTUAL-SKIN-LEGACY-MODEL-DIFF:772.32 VIRTUAL-SKIN-LEGACY-SHUTDOWN:0 VIRTUAL-SKIN-MODEL:32210.7 VIRTUAL-SKIN-MODEL-CLAMPED:32210.7 VIRTUAL-SKIN-MODEL-LEGACY-DIFF:-772.32 VIRTUAL-SKIN-MODEL-UPDATED:32071.4 VIRTUAL-SKIN-MODEL-UPPER-CLAMPED:32210.7 VIRTUAL-SKIN-SPEAKER:28990 VIRTUAL-SKIN-SPEAKER-MODEL:28940.1 VIRTUAL-SKIN-SUB-0:32983 VIRTUAL-SKIN-SUB-1:30737.5 VSYS_PWR_TSPKR:8.5592 VSYS_PWR_TSPKR_90S:8.5592 VT_LEGACY_WEIGHT:0 VT_MODEL_WEIGHT:1 charging_therm:31216 disp_therm:30459 flash_therm:30859 north_therm:31616 quiet_therm:30459 rfpa_therm:31972 soc_therm:31594 usb_pwr_therm:30348 
07-19 20:46:24.563  2532  2888 D TemperatureStateSource: getDeviceTemperatures: sequence=22341 deviceTemperatureType=3 temperatureSource=0 temperatures=[32.071426]
07-19 20:46:24.564  2532  2888 D TemperatureStateSource: sequence=22341 waitTime=10000
07-19 20:46:24.565 17482 17482 I pixel-thermal: VIRTUAL-SKIN:32.0714 raw data: VIRTUAL-SKIN:32071.4 
07-19 20:46:24.566  2532  2800 I TemperatureStateSource: temperature was set
07-19 20:46:24.566  2532  2800 D ImpulseStateSource: Notify clients: 32439
07-19 20:46:24.737  2355  2358 I deeptouch: I0000 00:00:1784508384.737838    2358 tf_lite_classifier.cc:415] Event stream classified as kNone
07-19 20:46:24.741 12820 12842 D default : Sending info to server...
07-19 20:46:24.894  2355  2358 I deeptouch: I0000 00:00:1784508384.894318    2358 tf_lite_classifier.cc:415] Event stream classified as kNone
07-19 20:46:24.896 12820 12842 D default : Sending info to server...
07-19 20:46:25.069  1573  1573 D AOC     : A3:MSG: tmd3743_device.cc, 997: USF: TMD3743: C/G switch 2 -> 4 d_lux:1.27 w_lux: 3.19 C:0.08 G:0.01
07-19 20:46:25.098  1573  1573 D AOC     : A3:MSG: tmd3743_device.cc, 997: USF: TMD3743: C/G switch 4 -> 2 d_lux:42.71 w_lux: 36.39 C:1.28 G:0.39
07-19 20:46:26.404   516   721 D SurfaceFlinger: setDesiredMode 4619827779462952448 {mode={fps=60.00 Hz, modePtr={id=0, vsyncRate=60.00 Hz, peakRefreshRate=60.00 Hz}}, emitEvent=false, force=false}
07-19 20:46:26.407   516   516 D SurfaceFlinger: initiateModeChange 4619827779462952448 {mode={fps=60.00 Hz, modePtr={id=0, vsyncRate=60.00 Hz, peakRefreshRate=60.00 Hz}}, emitEvent=false, force=false}
07-19 20:46:26.409   520   579 D hwc-display: setActiveConfigWithConstraints:: PrimaryDisplay config(36) test(0)
07-19 20:46:26.409   520   579 I hwc-display: [PrimaryDisplay] setActiveConfigWithConstraints: config(36)
07-19 20:46:27.525  1294  1294 I WifiHAL : Creating message to get link statistics; iface = 47
07-19 20:46:27.630  1294  1294 E libbinder.IPCThreadState: binder thread pool (1 threads) starved for 104 ms
07-19 20:46:27.631  1294  2342 I WifiHAL : Getting cached scan results, iface handle = 0xb400007476f0c750
07-19 20:46:27.631  1294  2342 E WifiHAL : Creating message to get cached scan results
07-19 20:46:27.637  1294  2342 I WifiHAL : In GetCachedScanResultsCommand::handleResponse
07-19 20:46:28.505  1573  1573 D AOC     : A3:MSG: usf_sensor.cc, 1866: USF: Received start sampling request for TMD3743 Proximity (active:2).
07-19 20:46:28.506  1231  1251 I CHRE    : @ 477663.595: [vice_ambient_light] OnAmbientLightTimerExpired: Sample timer expired
07-19 20:46:28.506  1573  1573 D AOC     : A3:MSG: tmd3743_sensor.cc, 296: USF: TMD3743: Report new active state:0 min_fps:0
07-19 20:46:28.506  1573  1573 D AOC     : A3:MSG: tmd3743_device.cc, 476: USF: TMD3743: [0]Stop sampling (Client count L/C/S/P = 1/1/0/0, err = 0)
07-19 20:46:28.506  1573  1573 D AOC     : CHRE: DRAM vote count begins
07-19 20:46:28.506  1573  1573 D AOC     : CHRE: DRAM vote count ends: 0 ms
07-19 20:46:28.507  1247  1340 I usf_sensor_hal: Received REPORT_SENSOR_ACTIVE_STATE_CHANGES event from 'TMD3743 Proximity' with state:kInactive and desired fps:0!
07-19 20:46:28.508   520 18211 D hwc-display: setMinIdleRefreshRate requester 0, fps 0
07-19 20:46:28.509   520 18211 I hwc-display: ExynosPrimaryDisplay::setMinIdleRefreshRate() writes min_vrefresh(0) to the sysfs node
07-19 20:46:28.509   520 18211 I hwc-display: setRefreshRateThrottleNanos() requester(0) set delay to 0ns
07-19 20:46:28.509   520 18211 I hwc-display: setDisplayIdleDelayNanos() writes idle_delay_ms(0) to the sysfs node (0x0)
07-19 20:46:28.579 17482 17487 I pixel-thermal: VIRTUAL-SKIN-MODEL: model_input: [30459.00 31216.00 30459.00 30859.00 31616.00 31972.00 31594.00 30348.00 ]
07-19 20:46:28.580 17482 17487 I native  : I0000 00:00:1784508388.579874   17487 thermal_tflite_wrapper.cc:270] ThermalTfliteInvoke
07-19 20:46:28.580 17482 17487 I pixel-thermal: VIRTUAL-SKIN-MODEL: model_output: [32240.6 ]
07-19 20:46:28.580 17482 17487 I pixel-thermal: VIRTUAL-SKIN-MODEL: predicted_value: [32240.6 ]
07-19 20:46:28.580 17482 17487 I pixel-thermal: VIRTUAL-SKIN-SPEAKER-MODEL: model_input: [30459.00 31216.00 30459.00 30859.00 31616.00 31972.00 31594.00 30348.00 8.56 ]
07-19 20:46:28.580 17482 17487 I native  : I0000 00:00:1784508388.580706   17487 thermal_tflite_wrapper.cc:270] ThermalTfliteInvoke
07-19 20:46:28.580 17482 17487 I pixel-thermal: VIRTUAL-SKIN-SPEAKER-MODEL: model_output: [28918.6 ]
07-19 20:46:28.580 17482 17487 I pixel-thermal: VIRTUAL-SKIN-SPEAKER-MODEL: predicted_value: [28918.6 ]
07-19 20:46:28.581 17482 17487 I pixel-thermal: VIRTUAL-SKIN-CPU-MID:32.1391 raw data: VIRTUAL-SKIN:32139.1 VIRTUAL-SKIN-CPU-MID:32139.1 VIRTUAL-SKIN-LEGACY:32983 VIRTUAL-SKIN-LEGACY-MODEL-DIFF:742.477 VIRTUAL-SKIN-LEGACY-SHUTDOWN:0 VIRTUAL-SKIN-MODEL:32240.6 VIRTUAL-SKIN-MODEL-CLAMPED:32240.6 VIRTUAL-SKIN-MODEL-LEGACY-DIFF:-742.477 VIRTUAL-SKIN-MODEL-UPDATED:32139.1 VIRTUAL-SKIN-MODEL-UPPER-CLAMPED:32240.6 VIRTUAL-SKIN-SPEAKER:28975.7 VIRTUAL-SKIN-SPEAKER-MODEL:28918.6 VIRTUAL-SKIN-SUB-0:32983 VIRTUAL-SKIN-SUB-1:30737.5 VSYS_PWR_TSPKR:8.5592 VSYS_PWR_TSPKR_90S:8.5592 VT_LEGACY_WEIGHT:0 VT_MODEL_WEIGHT:1 charging_therm:31216 disp_therm:30459 flash_therm:30859 north_therm:31616 quiet_therm:30459 rfpa_therm:31972 soc_therm:31594 usb_pwr_therm:30348 
07-19 20:46:28.581 17482 17487 I pixel-thermal: VIRTUAL-SKIN-CHARGE-PERSIST:31.4935 raw data: VIRTUAL-SKIN-CHARGE-PERSIST:31493.5 VIRTUAL-SKIN-CHARGE-WLC:31493.5 charging_therm:31216 disp_therm:30459 flash_therm:30859 north_therm:31616 quiet_therm:30459 rfpa_therm:31972 soc_therm:31594 usb_pwr_therm:30348 
07-19 20:46:28.581 17482 17487 I pixel-thermal: VIRTUAL-SKIN-SOC:32.1391 raw data: VIRTUAL-SKIN:32139.1 VIRTUAL-SKIN-SOC:32139.1 
07-19 20:46:28.581 17482 17487 I pixel-thermal: VIRTUAL-SKIN-HINT:32.1391 raw data: VIRTUAL-SKIN:32139.1 VIRTUAL-SKIN-HINT:32139.1 
07-19 20:46:28.581 17482 17487 I pixel-thermal: VIRTUAL-SKIN-CPU-LIGHT-ODPM:32.1391 raw data: VIRTUAL-SKIN:32139.1 VIRTUAL-SKIN-CPU-LIGHT-ODPM:32139.1 
07-19 20:46:28.581 17482 17487 I pixel-thermal: VIRTUAL-SKIN-CPU-ODPM:32.1391 raw data: VIRTUAL-SKIN:32139.1 VIRTUAL-SKIN-CPU-ODPM:32139.1 
07-19 20:46:28.582 17482 17487 I pixel-thermal: VIRTUAL-SKIN-CPU-HIGH:32.1391 raw data: VIRTUAL-SKIN:32139.1 VIRTUAL-SKIN-CPU-HIGH:32139.1 
07-19 20:46:28.582 17482 17487 I pixel-thermal: cellular-emergency:32.1391 raw data: VIRTUAL-SKIN:32139.1 cellular-emergency:32139.1 
07-19 20:46:28.582 17482 17487 I pixel-thermal: STATS-UPDATOR:0 raw data: EXTREME-SOC-CONDITION-CHECK:0 MAIN_SOC_POWER:272.231 STATS-UPDATOR:0 TPU_35S:0 VIRTUAL-SKIN:32139.1 VIRTUAL-SKIN-LEGACY:32983 VIRTUAL-SKIN-MODEL:32240.6 VIRTUAL-SKIN-MODEL-LEGACY-DIFF:-742.477 VIRTUAL-SKIN-SPEAKER-MODEL:28918.6 
07-19 20:46:28.582 17482 17487 I pixel-thermal: VIRTUAL-SKIN-SPEAKER:28.9757 raw data: VIRTUAL-SKIN-SPEAKER:28975.7 
07-19 20:46:28.582 17482 17487 I pixel-thermal: VIRTUAL-SKIN:32.1391 raw data: VIRTUAL-SKIN:32139.1 
07-19 20:46:29.159 17482 17487 I pixel-thermal: disp_therm:30.459 raw data: disp_therm:30459 
07-19 20:46:29.159 17482 17487 I pixel-thermal: usb_pwr_therm:30.348 raw data: usb_pwr_therm:30348 
07-19 20:46:29.159 17482 17487 I pixel-thermal: quiet_therm:30.459 raw data: quiet_therm:30459 
07-19 20:46:29.159 17482 17487 I pixel-thermal: VIRTUAL-USB-THROTTLING:0 raw data: USB-MINUS-CHARGER:-868 VIRTUAL-USB-THROTTLING:0 charging_therm:31216 usb_pwr_therm:30348 
07-19 20:46:29.159 17482 17487 I pixel-thermal: VIRTUAL-USB-UI:0 raw data: USB-MINUS-CHARGER:-868 VIRTUAL-USB-UI:0 usb_pwr_therm:30348 
07-19 20:46:30.050 28357 12807 I NearbyMediums: Found Fast Ble Advertisements :
07-19 20:46:30.050 28357 12807 I NearbyMediums: BleAdvertisement { version=2, socketVersion=2, isFast=true, serviceIdHash=null, data=[ 0x23 0x4f 0x31 0x59 0x4d 0x11 0x32 0x15 0xdc 0x6f 0xb1 0xec 0x59 0x09 0x81 0x44 0xc2 0x40 0x50 0x70 0xdf 0xbc 0x6c ], deviceToken=[ 0x9d 0x63 ], rxAdvertisement=null } : 1 times.
07-19 20:46:30.050 28357 12807 I NearbyMediums: Total 1 fast advertisements from 1 unique advertisers.
07-19 20:46:30.050 28357 12807 I NearbyMediums: Current Tracked Scanning Clients are : {NearbyConnections.EnvironmentMonitor, NearbySharing, NearbyConnections.TxAdvertisement}
07-19 20:46:30.081  1573  1573 D AOC     : A3:MSG: icm456xy_device.cc, 443: USF: Device: type: 4, p/l: 0 ns/ 9223372036854775807 ns, O/WM/I: 100/6/17
07-19 20:46:30.081  1573  1573 D AOC     : A3:MSG: usf_sensor.cc, 1866: USF: Received start sampling request for ICM45631 Motion Detect (active:1).
07-19 20:46:30.084  1573  1573 D AOC     : A3:MSG: icm456xy_device.cc, 443: USF: Device: type: 3, p/l: 640000000 ns/ 0 ns, O/WM/I: 100/6/17
07-19 20:46:30.084  1573  1573 D AOC     : A3:MSG: motion_state_sensor.cc, 328: USF: MoSt: MotionDetect sampling started with sampling ID 86287.
07-19 20:46:30.085  1573  1573 D AOC     : A3:MSG: usf_sensor.cc, 1866: USF: Received start sampling request for ICM45631 Motion Detect (active:2).
07-19 20:46:30.089  1573  1573 D AOC     : A3:MSG: usf_sensor.cc, 1881: USF: Received stop sampling request for ICM45631 FreeFall Detect (active:0).
07-19 20:46:30.090  1573  1573 D AOC     : A3:MSG: icm456xy_device.cc, 443: USF: Device: type: 5, p/l: 0 ns/ 9223372036854775807 ns, O/WM/I: 100/6/17
07-19 20:46:30.676  1294  2342 I WifiHAL : Creating message to get link statistics; iface = 47
07-19 20:46:30.783  1294  2342 E libbinder.IPCThreadState: binder thread pool (1 threads) starved for 107 ms
07-19 20:46:30.783  1294  1294 I WifiHAL : Getting cached scan results, iface handle = 0xb400007476f0c750
07-19 20:46:30.783  1294  1294 E WifiHAL : Creating message to get cached scan results
07-19 20:46:30.791  1294  1294 I WifiHAL : In GetCachedScanResultsCommand::handleResponse
07-19 20:46:32.200  2721  2733 W ephony.imsmedia: Reducing the number of considered missed Gc histogram windows from 303 to 100
07-19 20:46:33.085  1573  1573 D AOC     : A3:MSG: usf_sensor.cc, 1866: USF: Received start sampling request for TMD3743 Proximity (active:1).
07-19 20:46:33.085  1573  1573 D AOC     : CHRE: DRAM vote count begins
07-19 20:46:33.085  1573  1573 D AOC     : CHRE: DRAM vote count ends: 0 ms
07-19 20:46:33.085  1573  1573 D AOC     : CHRE: DRAM vote count begins
07-19 20:46:33.086  1573  1573 D AOC     : CHRE: DRAM vote count ends: 0 ms
07-19 20:46:33.086  1573  1573 D AOC     : A3:MSG: tmd3743_sensor.cc, 296: USF: TMD3743: Report new active state:1 min_fps:30
07-19 20:46:33.088  1231  1251 D CHRE.HAL: Received a nanoapp message from 0x476f6f676c001041 endpoint 0x1: Type 0x110 size 6 
07-19 20:46:33.089  1573  1573 D AOC     : A3:MSG: tmd3743_device.cc, 367: USF: TMD3743: [0]Start sampling (Client count L/C/S/P = 1/1/0/1, err = 0)
07-19 20:46:33.089  1573  1573 D AOC     : CHRE: DRAM vote count begins
07-19 20:46:33.089  1573  1573 D AOC     : CHRE: DRAM vote count ends: 0 ms
07-19 20:46:33.090  1247  1340 I usf_sensor_hal: Received REPORT_SENSOR_ACTIVE_STATE_CHANGES event from 'TMD3743 Proximity' with state:kActive and desired fps:30!
07-19 20:46:33.091   520 18211 D hwc-display: setMinIdleRefreshRate requester 0, fps 30
07-19 20:46:33.091   520 18211 I hwc-display: ExynosPrimaryDisplay::setMinIdleRefreshRate() writes min_vrefresh(30) to the sysfs node
07-19 20:46:33.092   520 18211 I hwc-display: setRefreshRateThrottleNanos() requester(0) set delay to 1000000000ns
07-19 20:46:33.092  1231  1251 I CHRE    : @ 477668.176: [Capo] MD nanoapp declared stationary at = 477668176210915
07-19 20:46:33.092   520 18211 I hwc-display: setDisplayIdleDelayNanos() writes idle_delay_ms(1000) to the sysfs node (0x0)
07-19 20:46:33.092  1231  1251 I CHRE    : @ 477668.176: [CapoPD] Enumerated Device Orientation found: 3, g=[1.51 1.22 9.60]
07-19 20:46:33.092  1231  1251 I CHRE    : @ 477668.176: [CapoPD] Update onTable position event: 2, z_axis=9.597657 (#sample 25)
07-19 20:46:33.092  1231  1251 I CHRE    : @ 477668.176: [CapoPD] Update stationary context: type=2, stationary=2, #orientation=1, orientation(top2)=[3, 0, ...]
07-19 20:46:33.092  1231  1251 I CHRE    : @ 477668.176: [Capo] Current position changed: 1 -> 2
07-19 20:46:33.092  1231  1251 I CHRE    : @ 477668.176: [Capo] Device stationary type changed: 1 -> 2
07-19 20:46:33.092  1231  1251 I CHRE    : @ 477668.176: [Capo] Device orientation changed: 0x0 -> 0x8
07-19 20:46:33.092  1231  1251 I CHRE    : @ 477668.176: [Capo] Current position: 2, IsHostAwake: 1
07-19 20:46:33.092  1231  1251 I CHRE    : @ 477668.176: [Capo] Sending detection result 0x2 to the client 26, is_local: 1, is_host_awake: 1
07-19 20:46:33.092  1231  1251 I CHRE    : @ 477668.177: [vice_capo] Updated position from 1 to 2
07-19 20:46:33.092  1231  1251 I CHRE    : @ 477668.177: [vice] Updating Capo State from IN_MOTION to STILL_FACE_UP
07-19 20:46:33.092  1231  1251 I CHRE    : @ 477668.181: [vice_ambient_light] Cancelling existing timer to start new timer from state 2
07-19 20:46:33.096  2532  2532 V AdaptiveHaptics: Vice: received message MESSAGE_TYPE_CONTEXT_UPDATE
07-19 20:46:33.098  2532  2532 I AdaptiveHaptics: Matched: STILLNESS       QUIET           
07-19 20:46:33.098  2532  2532 I AdaptiveHaptics: Set scale to manager: 0.7 for types: 4
07-19 20:46:33.098  2532  2532 I AdaptiveHaptics: Set scale to manager: -1.0 for types: 1
07-19 20:46:33.098  2532  2532 I AdaptiveHaptics: Set scale to manager: 0.7 for types: 2
07-19 20:46:33.098  2532  2532 I AdaptiveHaptics: State updated : Intensity : INTENSITY_LOW
07-19 20:46:33.098  2532  2532 I AdaptiveHaptics:     Vice: 
07-19 20:46:33.098  2532  2532 I AdaptiveHaptics:       Capo: STILLNESS
07-19 20:46:33.098  2532  2532 I AdaptiveHaptics:       AmbientVolume: QUIET
07-19 20:46:33.098  2532  2532 I AdaptiveHaptics:       AmbientLight: BRIGHT
07-19 20:46:33.098  2532  2532 I AdaptiveHaptics:       Pocket: NOT_IN_POCKET
07-19 20:46:33.111  1573  1573 D AOC     : A3:MSG: tmd3743_device.cc, 3183: USF: TMD3743: Prox State: Unknown -> FAR
07-19 20:46:33.209  1573  1573 D AOC     : A3:MSG: usf_sensor.cc, 1866: USF: Received start sampling request for ICM45631 Motion Detect (active:3).
07-19 20:46:33.209  1573  1573 D AOC     : A3:MSG: usf_sensor.cc, 1866: USF: Received start sampling request for ICM45631 Accelerometer (active:7).
07-19 20:46:33.210  1573  1573 D AOC     : A3:MSG: icm456xy_device.cc, 443: USF: Device: type: 0, p/l: 10000000 ns/ 66666666 ns, O/WM/I: 100/6/17
07-19 20:46:33.835  1294  1294 I WifiHAL : Creating message to get link statistics; iface = 47
07-19 20:46:33.877  1294  1294 I WifiHAL : Getting cached scan results, iface handle = 0xb400007476f0c750
07-19 20:46:33.878  1294  1294 E WifiHAL : Creating message to get cached scan results
07-19 20:46:33.882  1294  1294 I WifiHAL : In GetCachedScanResultsCommand::handleResponse
07-19 20:46:34.261  1573  1573 D AOC     : A3:MSG: tmd3743_device.cc, 3587: USF: TMD3743: Baseline-cal complete. Baseline=10837.259143, amb_ir=10
07-19 20:46:34.558  2532  2800 D ImpulseConnection: timeout didn't happen: com.google.android.apps.turbo
07-19 20:46:34.565  2532  2888 D TemperatureStateSource: sequence=22341 actualDelay=10001
07-19 20:46:34.566  2532  2888 D TemperatureStateSource: Reading temperature: sequence=22342
07-19 20:46:34.571 17482 17482 I pixel-thermal: VIRTUAL-SKIN-SPEAKER-MODEL: model_input: [30592.00 31371.00 30414.00 30993.00 31639.00 32062.00 31483.00 30348.00 8.54 ]
07-19 20:46:34.572 17482 17482 I native  : I0000 00:00:1784508394.571983   17482 thermal_tflite_wrapper.cc:270] ThermalTfliteInvoke
07-19 20:46:34.572 17482 17482 I pixel-thermal: VIRTUAL-SKIN-SPEAKER-MODEL: model_output: [28912.9 ]
07-19 20:46:34.572 17482 17482 I pixel-thermal: VIRTUAL-SKIN-SPEAKER-MODEL: predicted_value: [28912.9 ]
07-19 20:46:34.572 17482 17482 I pixel-thermal: VIRTUAL-SKIN:32.1797 raw data: VIRTUAL-SKIN:32179.7 VIRTUAL-SKIN-LEGACY:32994.7 VIRTUAL-SKIN-LEGACY-MODEL-DIFF:754.133 VIRTUAL-SKIN-LEGACY-SHUTDOWN:0 VIRTUAL-SKIN-MODEL:32240.6 VIRTUAL-SKIN-MODEL-CLAMPED:32240.6 VIRTUAL-SKIN-MODEL-LEGACY-DIFF:-754.133 VIRTUAL-SKIN-MODEL-UPDATED:32179.7 VIRTUAL-SKIN-MODEL-UPPER-CLAMPED:32240.6 VIRTUAL-SKIN-SPEAKER:28963.2 VIRTUAL-SKIN-SPEAKER-MODEL:28912.9 VIRTUAL-SKIN-SUB-0:32994.7 VIRTUAL-SKIN-SUB-1:30784.8 VSYS_PWR_TSPKR:8.53583 VSYS_PWR_TSPKR_90S:8.53583 VT_LEGACY_WEIGHT:0 VT_MODEL_WEIGHT:1 charging_therm:31371 disp_therm:30414 flash_therm:30993 north_therm:31639 quiet_therm:30592 rfpa_therm:32062 soc_therm:31483 usb_pwr_therm:30348 
07-19 20:46:34.573  2532  2888 D TemperatureStateSource: getDeviceTemperatures: sequence=22342 deviceTemperatureType=3 temperatureSource=0 temperatures=[32.179676]
07-19 20:46:34.573  2532  2888 D TemperatureStateSource: sequence=22342 waitTime=10000
07-19 20:46:34.576 17482 17482 I pixel-thermal: VIRTUAL-SKIN:32.1797 raw data: VIRTUAL-SKIN:32179.7 
07-19 20:46:34.576  2532  2888 I TemperatureStateSource: temperature was set
07-19 20:46:34.577  2532  2888 D ImpulseStateSource: Notify clients: 32440
07-19 20:46:35.007  7975  7996 I ForwardSyncCache: reclaimMemory: Clearing caches
07-19 20:46:35.008  7975  7996 I BugleSpam: HadesBitmapStore: Purged 0 images during memory reclamation
07-19 20:46:35.018  7975  7996 W Bugle   : TextClassifierLibManagerImpl: Reclaiming memory at level: 40
07-19 20:46:35.587 17482 17487 I pixel-thermal: VIRTUAL-SKIN-CPU-MID:32.1797 raw data: VIRTUAL-SKIN:32179.7 VIRTUAL-SKIN-CPU-MID:32179.7 
07-19 20:46:35.588 17482 17487 I pixel-thermal: VIRTUAL-SKIN-CHARGE-PERSIST:31.5791 raw data: VIRTUAL-SKIN-CHARGE-PERSIST:31579.1 VIRTUAL-SKIN-CHARGE-WLC:31579.1 charging_therm:31371 disp_therm:30414 flash_therm:30993 north_therm:31639 quiet_therm:30592 rfpa_therm:32062 soc_therm:31483 usb_pwr_therm:30348 
07-19 20:46:35.588 17482 17487 I pixel-thermal: VIRTUAL-SKIN-SOC:32.1797 raw data: VIRTUAL-SKIN:32179.7 VIRTUAL-SKIN-SOC:32179.7 
07-19 20:46:35.588 17482 17487 I pixel-thermal: VIRTUAL-SKIN-HINT:32.1797 raw data: VIRTUAL-SKIN:32179.7 VIRTUAL-SKIN-HINT:32179.7 
07-19 20:46:35.588 17482 17487 I pixel-thermal: VIRTUAL-SKIN-CPU-LIGHT-ODPM:32.1797 raw data: VIRTUAL-SKIN:32179.7 VIRTUAL-SKIN-CPU-LIGHT-ODPM:32179.7 
07-19 20:46:35.588 17482 17487 I pixel-thermal: VIRTUAL-SKIN-CPU-ODPM:32.1797 raw data: VIRTUAL-SKIN:32179.7 VIRTUAL-SKIN-CPU-ODPM:32179.7 
